 ray

 Timestamp is 56365672 (Mon Nov 02 02:14:10 2015)

 Preferred load address is 00400000

 Start         Length     Name                   Class
 0001:00000000 000192aaH .text                   CODE
 0001:000192b0 00000038H .text$di                CODE
 0001:000192f0 0001340cH .text$mn                CODE
 0001:0002c700 000014b3H .text$x                 CODE
 0001:0002dbc0 00000035H .text$yd                CODE
 0002:00000000 00000474H .idata$5                DATA
 0002:00000474 00000004H .CRT$XCA                DATA
 0002:00000478 00000004H .CRT$XCAA               DATA
 0002:0000047c 00000004H .CRT$XCL                DATA
 0002:00000480 00000010H .CRT$XCU                DATA
 0002:00000490 00000004H .CRT$XCZ                DATA
 0002:00000494 00000004H .CRT$XIA                DATA
 0002:00000498 00000004H .CRT$XIAA               DATA
 0002:0000049c 00000004H .CRT$XIC                DATA
 0002:000004a0 00000004H .CRT$XIY                DATA
 0002:000004a4 00000004H .CRT$XIZ                DATA
 0002:000004b0 00001138H .rdata                  DATA
 0002:000015e8 00000da8H .rdata$r                DATA
 0002:00002390 00000004H .rtc$IAA                DATA
 0002:00002394 00000004H .rtc$IZZ                DATA
 0002:00002398 00000004H .rtc$TAA                DATA
 0002:0000239c 00000004H .rtc$TZZ                DATA
 0002:000023a0 00001804H .xdata$x                DATA
 0002:00003ba4 00000000H .edata                  DATA
 0002:00003ba4 000000a0H .idata$2                DATA
 0002:00003c44 00000014H .idata$3                DATA
 0002:00003c58 00000474H .idata$4                DATA
 0002:000040cc 00001a50H .idata$6                DATA
 0003:00000000 00000d60H .data                   DATA
 0003:00000d60 00000654H .data$r                 DATA
 0003:000013b8 00001ac4H .bss                    DATA
 0004:00000000 00000058H .rsrc$01                DATA
 0004:00000060 00000180H .rsrc$02                DATA

  Address         Publics by Value              Rva+Base       Lib:Object

 0000:00000000       ___guard_flags             00000000     <absolute>
 0000:00000000       ___guard_fids_count        00000000     <absolute>
 0000:00000000       ___safe_se_handler_count   00000000     <absolute>
 0000:00000000       __except_list              00000000     <absolute>
 0000:00000000       ___guard_fids_table        00000000     <absolute>
 0000:00000000       ___safe_se_handler_table   00000000     <absolute>
 0000:00009876       __fltused                  00009876     <absolute>
 0000:00009876       __ldused                   00009876     <absolute>
 0000:00000000       ___ImageBase               00400000     <linker-defined>
 0001:00000000       ?visual@Fl@@SAHH@Z         00401000 f   fltkd:Fl_visual.obj
 0001:00000070       ?event_inside@Fl@@SAHHHHH@Z 00401070 f   fltkd:Fl.obj
 0001:000000c0       ?event_inside@Fl@@SAHPBVFl_Widget@@@Z 004010c0 f   fltkd:Fl.obj
 0001:00000129       ?add_timeout@Fl@@SAXNP6AXPAX@Z0@Z 00401129 f   fltkd:Fl.obj
 0001:000001d2       ?repeat_timeout@Fl@@SAXNP6AXPAX@Z0@Z 004011d2 f   fltkd:Fl.obj
 0001:00000295       ?has_timeout@Fl@@SAHP6AXPAX@Z0@Z 00401295 f   fltkd:Fl.obj
 0001:000002d7       ?remove_timeout@Fl@@SAXP6AXPAX@Z0@Z 004012d7 f   fltkd:Fl.obj
 0001:0000033a       ?add_check@Fl@@SAXP6AXPAX@Z0@Z 0040133a f   fltkd:Fl.obj
 0001:000003ae       ?remove_check@Fl@@SAXP6AXPAX@Z0@Z 004013ae f   fltkd:Fl.obj
 0001:00000426       ?wait@Fl@@SANN@Z           00401426 f   fltkd:Fl.obj
 0001:000005af       ?run@Fl@@SAHXZ             004015af f   fltkd:Fl.obj
 0001:000005d5       ?wait@Fl@@SAHXZ            004015d5 f   fltkd:Fl.obj
 0001:000005fa       ?check@Fl@@SAHXZ           004015fa f   fltkd:Fl.obj
 0001:00000619       ?ready@Fl@@SAHXZ           00401619 f   fltkd:Fl.obj
 0001:00000655       ?fl_find@@YAPAVFl_Window@@PAUHWND__@@@Z 00401655 f   fltkd:Fl.obj
 0001:000006c9       ?first_window@Fl@@SAPAVFl_Window@@XZ 004016c9 f   fltkd:Fl.obj
 0001:000006f6       ?next_window@Fl@@SAPAVFl_Window@@PBV2@@Z 004016f6 f   fltkd:Fl.obj
 0001:0000072d       ?first_window@Fl@@SAXPAVFl_Window@@@Z 0040172d f   fltkd:Fl.obj
 0001:0000075b       ?redraw@Fl@@SAXXZ          0040175b f   fltkd:Fl.obj
 0001:00000789       ?flush@Fl@@SAXXZ           00401789 f   fltkd:Fl.obj
 0001:0000083f       ?add_handler@Fl@@SAXP6AHH@Z@Z 0040183f f   fltkd:Fl.obj
 0001:00000879       ?focus@Fl@@SAXPAVFl_Widget@@@Z 00401879 f   fltkd:Fl.obj
 0001:000008ee       ?belowmouse@Fl@@SAXPAVFl_Widget@@@Z 004018ee f   fltkd:Fl.obj
 0001:0000094c       ?pushed@Fl@@SAXPAVFl_Widget@@@Z 0040194c f   fltkd:Fl.obj
 0001:00000959       ?fl_fix_focus@@YAXXZ       00401959 f   fltkd:Fl.obj
 0001:00000a8c       ?fl_throw_focus@@YAXPAVFl_Widget@@@Z 00401a8c f   fltkd:Fl.obj
 0001:00000b30       ?handle@Fl@@SAHHPAVFl_Window@@@Z 00401b30 f   fltkd:Fl.obj
 0001:00001031       ?hide@Fl_Window@@UAEXXZ    00402031 f   fltkd:Fl.obj
 0001:00001204       ??1Fl_Window@@UAE@XZ       00402204 f   fltkd:Fl.obj
 0001:00001255       ?handle@Fl_Window@@UAEHH@Z 00402255 f   fltkd:Fl.obj
 0001:00001330       ?selection_owner@Fl@@SAXPAVFl_Widget@@@Z 00402330 f   fltkd:Fl.obj
 0001:0000139a       ?redraw@Fl_Widget@@QAEXXZ  0040239a f   fltkd:Fl.obj
 0001:000013b2       ?damage@Fl_Widget@@QAEXE@Z 004023b2 f   fltkd:Fl.obj
 0001:00001459       ?damage@Fl_Widget@@QAEXEHHHH@Z 00402459 f   fltkd:Fl.obj
 0001:0000162c       ?flush@Fl_Window@@MAEXXZ   0040262c f   fltkd:Fl.obj
 0001:00001670       ?modal@Fl@@SAPAVFl_Window@@XZ 00402670 f i fltkd:Fl.obj
 0001:00001680       ?grab@Fl@@SAPAVFl_Window@@XZ 00402680 f i fltkd:Fl.obj
 0001:00001690       ?compose_reset@Fl@@SAXXZ   00402690 f i fltkd:Fl.obj
 0001:000016a0       ?belowmouse@Fl@@SAPAVFl_Widget@@XZ 004026a0 f i fltkd:Fl.obj
 0001:000016b0       ?pushed@Fl@@SAPAVFl_Widget@@XZ 004026b0 f i fltkd:Fl.obj
 0001:000016c0       ?focus@Fl@@SAPAVFl_Widget@@XZ 004026c0 f i fltkd:Fl.obj
 0001:000016d0       ?selection_owner@Fl@@SAPAVFl_Widget@@XZ 004026d0 f i fltkd:Fl.obj
 0001:000016e0       ?event_key@Fl@@SAHXZ       004026e0 f i fltkd:Fl.obj
 0001:000016f0       ?event_text@Fl@@SAPBDXZ    004026f0 f i fltkd:Fl.obj
 0001:00001700       ?type@Fl_Widget@@QBEEXZ    00402700 f i fltkd:Fl.obj
 0001:00001720       ?do_callback@Fl_Widget@@QAEXXZ 00402720 f i fltkd:Fl.obj
 0001:00001740       ?damage@Fl_Widget@@QBEEXZ  00402740 f i fltkd:Fl.obj
 0001:00001760       ?clear_damage@Fl_Widget@@QAEXE@Z 00402760 f i fltkd:Fl.obj
 0001:00001780       ?set_visible@Fl_Widget@@QAEXXZ 00402780 f i fltkd:Fl.obj
 0001:000017a0       ?clear_visible@Fl_Widget@@QAEXXZ 004027a0 f i fltkd:Fl.obj
 0001:000017c0       ?modal@Fl_Window@@QBEEXZ   004027c0 f i fltkd:Fl.obj
 0001:000017e0       ?flags@Fl_Widget@@IBEEXZ   004027e0 f i fltkd:Fl.obj
 0001:00001800       ?non_modal@Fl_Window@@QBEEXZ 00402800 f i fltkd:Fl.obj
 0001:00001820       ??_EFl_Window@@UAEPAXI@Z   00402820 f i fltkd:Fl.obj
 0001:00001820       ??_GFl_Window@@UAEPAXI@Z   00402820 f i fltkd:Fl.obj
 0001:00001850       ?visible@Fl_Widget@@QBEHXZ 00402850 f i fltkd:Fl.obj
 0001:00001870       ?shown@Fl_Window@@QAEHXZ   00402870 f i fltkd:Fl.obj
 0001:00001890       ?damage@Fl@@SAXH@Z         00402890 f i fltkd:Fl.obj
 0001:000018a0       ?XRectangleRegion@@YAPAUHRGN__@@HHHH@Z 004028a0 f i fltkd:Fl.obj
 0001:000018d0       ?XDestroyRegion@@YAXPAUHRGN__@@@Z 004028d0 f i fltkd:Fl.obj
 0001:000018e0       ?i@Fl_X@@SAPAV1@PBVFl_Window@@@Z 004028e0 f i fltkd:Fl.obj
 0001:000018f0       ?flush@Fl_X@@QAEXXZ        004028f0 f i fltkd:Fl.obj
 0001:00001910       ?fl_xid@@YAPAUHWND__@@PBVFl_Window@@@Z 00402910 f i fltkd:Fl.obj
 0001:00001930       ?fl_message@@YAXPBDZZ      00402930 f   fltkd:fl_ask.obj
 0001:00001ef6       ?fl_alert@@YAXPBDZZ        00402ef6 f   fltkd:fl_ask.obj
 0001:00001f42       ?fl_ask@@YAHPBDZZ          00402f42 f   fltkd:fl_ask.obj
 0001:00001f87       ?fl_choice@@YAHPBD000ZZ    00402f87 f   fltkd:fl_ask.obj
 0001:00001fc8       ?fl_message_icon@@YAPAVFl_Widget@@XZ 00402fc8 f   fltkd:fl_ask.obj
 0001:00001fd7       ?fl_input@@YAPBDPBD0ZZ     00402fd7 f   fltkd:fl_ask.obj
 0001:000020b5       ?fl_password@@YAPBDPBD0ZZ  004030b5 f   fltkd:fl_ask.obj
 0001:000020f0       ?position@Fl_Widget@@QAEXHH@Z 004030f0 f i fltkd:fl_ask.obj
 0001:00002120       ?size@Fl_Widget@@QAEXHH@Z  00403120 f i fltkd:fl_ask.obj
 0001:00002150       ?box@Fl_Widget@@QAEXW4Fl_Boxtype@@@Z 00403150 f i fltkd:fl_ask.obj
 0001:00002170       ?color@Fl_Widget@@QAEXE@Z  00403170 f i fltkd:fl_ask.obj
 0001:00002190       ?label@Fl_Widget@@QAEXPBD@Z 00403190 f i fltkd:fl_ask.obj
 0001:000021b0       ?labelcolor@Fl_Widget@@QAEXE@Z 004031b0 f i fltkd:fl_ask.obj
 0001:000021d0       ??0Fl_Box@@QAE@HHHHPBD@Z   004031d0 f i fltkd:fl_ask.obj
 0001:00002210       ?shortcut@Fl_Button@@QAEXPBD@Z 00403210 f i fltkd:fl_ask.obj
 0001:00002240       ?shortcut@Fl_Button@@QAEXH@Z 00403240 f i fltkd:fl_ask.obj
 0001:00002260       ??0Fl_Return_Button@@QAE@HHHHPBD@Z 00403260 f i fltkd:fl_ask.obj
 0001:000022a0       ??1Fl_Slider@@UAE@XZ       004032a0 f i fltkd:Fl_Value_Slider.obj
 0001:000022a0       ??1Fl_Return_Button@@UAE@XZ 004032a0 f i fltkd:fl_ask.obj
 0001:000022c0       ?set_modal@Fl_Window@@QAEXXZ 004032c0 f i fltkd:fl_ask.obj
 0001:000022e0       ?set_flag@Fl_Widget@@IAEXH@Z 004032e0 f i fltkd:fl_ask.obj
 0001:00002300       ?value@Fl_Input_@@QBEPBDXZ 00403300 f i fltkd:fl_ask.obj
 0001:00002300       ?menu@Fl_Menu_@@QBEPBUFl_Menu_Item@@XZ 00403300 f i fltkd:Fl_Menu_Bar.obj
 0001:00002300       ?shortcut@Fl_Button@@QBEHXZ 00403300 f i fltkd:Fl_Button.obj
 0001:00002320       ?_Fl_Window@Fl_Window@@AAEXXZ 00403320 f   fltkd:Fl_Window.obj
 0001:00002392       ??0Fl_Window@@QAE@HHHHPBD@Z 00403392 f   fltkd:Fl_Window.obj
 0001:00002406       ??0Fl_Window@@QAE@HHPBD@Z  00403406 f   fltkd:Fl_Window.obj
 0001:0000247e       ?window@Fl_Widget@@QBEPAVFl_Window@@XZ 0040347e f   fltkd:Fl_Window.obj
 0001:000024c6       ?x_root@Fl_Window@@QBEHXZ  004034c6 f   fltkd:Fl_Window.obj
 0001:00002504       ?y_root@Fl_Window@@QBEHXZ  00403504 f   fltkd:Fl_Window.obj
 0001:00002542       ?draw@Fl_Window@@MAEXXZ    00403542 f   fltkd:Fl_Window.obj
 0001:00002599       ?label@Fl_Window@@QAEXPBD@Z 00403599 f   fltkd:Fl_Window.obj
 0001:000025bb       ?iconlabel@Fl_Window@@QAEXPBD@Z 004035bb f   fltkd:Fl_Window.obj
 0001:000025dd       ?default_atclose@Fl@@SAXPAVFl_Window@@PAX@Z 004035dd f   fltkd:Fl_Window.obj
 0001:000025fd       ?default_callback@Fl_Window@@SAXPAV1@PAX@Z 004035fd f   fltkd:Fl_Window.obj
 0001:00002620       ?x@Fl_Widget@@IAEXH@Z      00403620 f i fltkd:Fl_Window.obj
 0001:00002640       ?y@Fl_Widget@@IAEXH@Z      00403640 f i fltkd:Fl_Window.obj
 0001:00002660       ?labeltype@Fl_Widget@@QAEXW4Fl_Labeltype@@@Z 00403660 f i fltkd:Fl_Window.obj
 0001:00002680       ?current@Fl_Group@@SAXPAV1@@Z 00403680 f i fltkd:Fl_Window.obj
 0001:00002690       ?iconlabel@Fl_Window@@QBEPBDXZ 00403690 f i fltkd:Fl_Window.obj
 0001:000026b0       ?can_do@Fl_Gl_Window@@CAHHPBH@Z 004036b0 f   fltkd:Fl_Gl_Window.obj
 0001:000026cb       ?show@Fl_Gl_Window@@UAEXXZ 004036cb f   fltkd:Fl_Gl_Window.obj
 0001:00002728       ?invalidate@Fl_Gl_Window@@QAEXXZ 00403728 f   fltkd:Fl_Gl_Window.obj
 0001:0000273d       ?mode@Fl_Gl_Window@@AAEHHPBH@Z 0040373d f   fltkd:Fl_Gl_Window.obj
 0001:000027b5       ?make_current@Fl_Gl_Window@@QAEXXZ 004037b5 f   fltkd:Fl_Gl_Window.obj
 0001:0000285b       ?ortho@Fl_Gl_Window@@QAEXXZ 0040385b f   fltkd:Fl_Gl_Window.obj
 0001:0000290d       ?swap_buffers@Fl_Gl_Window@@QAEXXZ 0040390d f   fltkd:Fl_Gl_Window.obj
 0001:00002930       ?flush@Fl_Gl_Window@@UAEXXZ 00403930 f   fltkd:Fl_Gl_Window.obj
 0001:00002dd2       ?resize@Fl_Gl_Window@@UAEXHHHH@Z 00403dd2 f   fltkd:Fl_Gl_Window.obj
 0001:00002e1b       ?context@Fl_Gl_Window@@QAEXPAXH@Z 00403e1b f   fltkd:Fl_Gl_Window.obj
 0001:00002e85       ?hide@Fl_Gl_Window@@UAEXXZ 00403e85 f   fltkd:Fl_Gl_Window.obj
 0001:00002ed1       ??1Fl_Gl_Window@@UAE@XZ    00403ed1 f   fltkd:Fl_Gl_Window.obj
 0001:00002f22       ?init@Fl_Gl_Window@@AAEXXZ 00403f22 f   fltkd:Fl_Gl_Window.obj
 0001:00002f71       ?draw_overlay@Fl_Gl_Window@@EAEXXZ 00403f71 f   fltkd:Fl_Gl_Window.obj
 0001:00002f80       ?valid@Fl_Gl_Window@@QAEXD@Z 00403f80 f i fltkd:Fl_Gl_Window.obj
 0001:00002fa0       ?default_callback@Fl_Widget@@SAXPAV1@PAX@Z 00403fa0 f   fltkd:Fl_Widget.obj
 0001:00003005       ?readqueue@Fl@@SAPAVFl_Widget@@XZ 00404005 f   fltkd:Fl_Widget.obj
 0001:00003051       ?handle@Fl_Widget@@UAEHH@Z 00404051 f   fltkd:Fl_Widget.obj
 0001:00003060       ??0Fl_Widget@@IAE@HHHHPBD@Z 00404060 f   fltkd:Fl_Widget.obj
 0001:0000313e       ?resize@Fl_Widget@@UAEXHHHH@Z 0040413e f   fltkd:Fl_Widget.obj
 0001:00003177       ?damage_resize@Fl_Widget@@QAEHHHHH@Z 00404177 f   fltkd:Fl_Widget.obj
 0001:000031e4       ?take_focus@Fl_Widget@@QAEHXZ 004041e4 f   fltkd:Fl_Widget.obj
 0001:0000323e       ??1Fl_Widget@@UAE@XZ       0040423e f   fltkd:Fl_Widget.obj
 0001:00003268       ?activate@Fl_Widget@@QAEXXZ 00404268 f   fltkd:Fl_Widget.obj
 0001:00003352       ?deactivate@Fl_Widget@@QAEXXZ 00404352 f   fltkd:Fl_Widget.obj
 0001:000033a4       ?active_r@Fl_Widget@@QBEHXZ 004043a4 f   fltkd:Fl_Widget.obj
 0001:000033e1       ?show@Fl_Widget@@QAEXXZ    004043e1 f   fltkd:Fl_Widget.obj
 0001:00003445       ?hide@Fl_Widget@@QAEXXZ    00404445 f   fltkd:Fl_Widget.obj
 0001:000034d9       ?visible_r@Fl_Widget@@QBEHXZ 004044d9 f   fltkd:Fl_Widget.obj
 0001:00003516       ?contains@Fl_Widget@@QBEHPBV1@@Z 00404516 f   fltkd:Fl_Widget.obj
 0001:00003550       ??_GFl_Widget@@UAEPAXI@Z   00404550 f i fltkd:Fl_Widget.obj
 0001:00003550       ??_EFl_Widget@@UAEPAXI@Z   00404550 f i fltkd:Fl_Widget.obj
 0001:00003580       ?clear_flag@Fl_Widget@@IAEXH@Z 00404580 f i fltkd:Fl_Widget.obj
 0001:000035a0       ?align@Fl_Widget@@QBE?AW4Fl_Align@@XZ 004045a0 f i fltkd:Fl_Widget.obj
 0001:000035c0       ?box@Fl_Widget@@QBE?AW4Fl_Boxtype@@XZ 004045c0 f i fltkd:Fl_Widget.obj
 0001:000035e0       ?active@Fl_Widget@@QBEHXZ  004045e0 f i fltkd:Fl_Widget.obj
 0001:00003600       ?takesevents@Fl_Widget@@QBEHXZ 00404600 f i fltkd:Fl_Widget.obj
 0001:00003620       ?inside@Fl_Widget@@QBEHPBV1@@Z 00404620 f i fltkd:Fl_Widget.obj
 0001:00003650       ?current@Fl_Group@@SAPAV1@XZ 00404650 f i fltkd:Fl_Widget.obj
 0001:00003660       ?add@Fl_Group@@QAEXPAVFl_Widget@@@Z 00404660 f i fltkd:Fl_Widget.obj
 0001:00003680       ?value@Fl_Menu_@@QAEHPBUFl_Menu_Item@@@Z 00404680 f   fltkd:Fl_Menu_.obj
 0001:000036b2       ?picked@Fl_Menu_@@QAEPBUFl_Menu_Item@@PBU2@@Z 004046b2 f   fltkd:Fl_Menu_.obj
 0001:000037a8       ?setonly@Fl_Menu_Item@@QAEXXZ 004047a8 f   fltkd:Fl_Menu_.obj
 0001:00003848       ??0Fl_Menu_@@QAE@HHHHPBD@Z 00404848 f   fltkd:Fl_Menu_.obj
 0001:00003919       ?size@Fl_Menu_@@QBEHXZ     00404919 f   fltkd:Fl_Menu_.obj
 0001:0000393c       ?menu@Fl_Menu_@@QAEXPBUFl_Menu_Item@@@Z 0040493c f   fltkd:Fl_Menu_.obj
 0001:00003963       ?copy@Fl_Menu_@@QAEXPBUFl_Menu_Item@@PAX@Z 00404963 f   fltkd:Fl_Menu_.obj
 0001:000039f2       ??1Fl_Menu_@@UAE@XZ        004049f2 f   fltkd:Fl_Menu_.obj
 0001:00003a43       ?clear@Fl_Menu_@@QAEXXZ    00404a43 f   fltkd:Fl_Menu_.obj
 0001:00003b00       ??_GFl_Menu_@@UAEPAXI@Z    00404b00 f i fltkd:Fl_Menu_.obj
 0001:00003b00       ??_EFl_Menu_@@UAEPAXI@Z    00404b00 f i fltkd:Fl_Menu_.obj
 0001:00003b30       ?selection_color@Fl_Widget@@QAEXE@Z 00404b30 f i fltkd:Fl_Menu_.obj
 0001:00003b50       ?when@Fl_Widget@@QBE?AW4Fl_When@@XZ 00404b50 f i fltkd:Fl_Menu_.obj
 0001:00003b70       ?changed@Fl_Widget@@QBEHXZ 00404b70 f i fltkd:Fl_Menu_.obj
 0001:00003b90       ?set_changed@Fl_Widget@@QAEXXZ 00404b90 f i fltkd:Fl_Menu_.obj
 0001:00003bb0       ?clear_changed@Fl_Widget@@QAEXXZ 00404bb0 f i fltkd:Fl_Menu_.obj
 0001:00003bd0       ?radio@Fl_Menu_Item@@QBEHXZ 00404bd0 f i fltkd:Fl_Menu_.obj
 0001:00003bf0       ?value@Fl_Menu_Item@@QBEHXZ 00404bf0 f i fltkd:Fl_Menu_.obj
 0001:00003c10       ?clear@Fl_Menu_Item@@QAEXXZ 00404c10 f i fltkd:Fl_Menu_.obj
 0001:00003c30       ?do_callback@Fl_Menu_Item@@QBEXPAVFl_Widget@@@Z 00404c30 f i fltkd:Fl_Menu_.obj
 0001:00003c60       ?textfont@Fl_Menu_@@QAEXE@Z 00404c60 f i fltkd:Fl_Menu_.obj
 0001:00003c80       ?textsize@Fl_Menu_@@QAEXE@Z 00404c80 f i fltkd:Fl_Menu_.obj
 0001:00003ca0       ?textcolor@Fl_Menu_@@QAEXE@Z 00404ca0 f i fltkd:Fl_Menu_.obj
 0001:00003cc0       ?down_box@Fl_Menu_@@QAEXW4Fl_Boxtype@@@Z 00404cc0 f i fltkd:Fl_Menu_.obj
 0001:00003ce0       ?draw@Fl_Menu_Bar@@MAEXXZ  00404ce0 f   fltkd:Fl_Menu_Bar.obj
 0001:00003d87       ?handle@Fl_Menu_Bar@@UAEHH@Z 00404d87 f   fltkd:Fl_Menu_Bar.obj
 0001:00003eb0       ?submenu@Fl_Menu_Item@@QBEHXZ 00404eb0 f i fltkd:Fl_Menu_Bar.obj
 0001:00003ed0       ?test_shortcut@Fl_Menu_@@QAEPBUFl_Menu_Item@@XZ 00404ed0 f i fltkd:Fl_Menu_Bar.obj
 0001:00003f00       ??0Fl_Valuator@@IAE@HHHHPBD@Z 00404f00 f   fltkd:Fl_Valuator.obj
 0001:00003fc4       ?step@Fl_Valuator@@QAEXN@Z 00404fc4 f   fltkd:Fl_Valuator.obj
 0001:0000406d       ?precision@Fl_Valuator@@QAEXH@Z 0040506d f   fltkd:Fl_Valuator.obj
 0001:000040b6       ?value_damage@Fl_Valuator@@MAEXXZ 004050b6 f   fltkd:Fl_Valuator.obj
 0001:000040cb       ?value@Fl_Valuator@@QAEHN@Z 004050cb f   fltkd:Fl_Valuator.obj
 0001:00004113       ?softclamp@Fl_Valuator@@IAENN@Z 00405113 f   fltkd:Fl_Valuator.obj
 0001:0000422d       ?handle_drag@Fl_Valuator@@IAEXN@Z 0040522d f   fltkd:Fl_Valuator.obj
 0001:00004285       ?handle_release@Fl_Valuator@@IAEXXZ 00405285 f   fltkd:Fl_Valuator.obj
 0001:000042d1       ?round@Fl_Valuator@@QAENN@Z 004052d1 f   fltkd:Fl_Valuator.obj
 0001:0000431f       ?clamp@Fl_Valuator@@QAENN@Z 0040531f f   fltkd:Fl_Valuator.obj
 0001:000043d7       ?increment@Fl_Valuator@@QAENNH@Z 004053d7 f   fltkd:Fl_Valuator.obj
 0001:0000445a       ?format@Fl_Valuator@@UAEHPAD@Z 0040545a f   fltkd:Fl_Valuator.obj
 0001:00004510       ??_EFl_Box@@UAEPAXI@Z      00405510 f i fltkd:fl_ask.obj
 0001:00004510       ??_GFl_Valuator@@UAEPAXI@Z 00405510 f i fltkd:Fl_Valuator.obj
 0001:00004510       ??_GFl_Box@@UAEPAXI@Z      00405510 f i fltkd:fl_ask.obj
 0001:00004510       ??_GFl_Button@@UAEPAXI@Z   00405510 f i fltkd:Fl_Button.obj
 0001:00004510       ??_EFl_Valuator@@UAEPAXI@Z 00405510 f i fltkd:Fl_Valuator.obj
 0001:00004510       ??_EFl_Button@@UAEPAXI@Z   00405510 f i fltkd:Fl_Button.obj
 0001:00004540       ??1Fl_Valuator@@UAE@XZ     00405540 f i fltkd:Fl_Valuator.obj
 0001:00004540       ??1Fl_Button@@UAE@XZ       00405540 f i fltkd:fl_ask.obj
 0001:00004540       ??1Fl_Box@@UAE@XZ          00405540 f i fltkd:fl_ask.obj
 0001:00004560       ?rint@@YANN@Z              00405560 f i fltkd:Fl_Valuator.obj
 0001:00004580       ??0Fl_Value_Slider@@QAE@HHHHPBD@Z 00405580 f   fltkd:Fl_Value_Slider.obj
 0001:00004608       ?draw@Fl_Value_Slider@@UAEXXZ 00405608 f   fltkd:Fl_Value_Slider.obj
 0001:000048c6       ?handle@Fl_Value_Slider@@UAEHH@Z 004058c6 f   fltkd:Fl_Value_Slider.obj
 0001:000049a0       ?color@Fl_Widget@@QBE?AW4Fl_Color@@XZ 004059a0 f i fltkd:Fl_Value_Slider.obj
 0001:000049c0       ?horizontal@Fl_Valuator@@IBEHXZ 004059c0 f i fltkd:Fl_Value_Slider.obj
 0001:000049e0       ?step@Fl_Valuator@@QAEXNH@Z 004059e0 f i fltkd:Fl_Value_Slider.obj
 0001:00004a10       ?textfont@Fl_Value_Slider@@QBE?AW4Fl_Font@@XZ 00405a10 f i fltkd:Fl_Value_Slider.obj
 0001:00004a30       ?textsize@Fl_Value_Slider@@QBEEXZ 00405a30 f i fltkd:Fl_Value_Slider.obj
 0001:00004a50       ?textcolor@Fl_Value_Slider@@QBE?AW4Fl_Color@@XZ 00405a50 f i fltkd:Fl_Value_Slider.obj
 0001:00004a70       ?value@Fl_Button@@QAEHH@Z  00405a70 f   fltkd:Fl_Button.obj
 0001:00004ac0       ?setonly@Fl_Button@@QAEXXZ 00405ac0 f   fltkd:Fl_Button.obj
 0001:00004b3f       ?draw@Fl_Button@@MAEXXZ    00405b3f f   fltkd:Fl_Button.obj
 0001:00004bf7       ?handle@Fl_Button@@UAEHH@Z 00405bf7 f   fltkd:Fl_Button.obj
 0001:00004e83       ??0Fl_Button@@QAE@HHHHPBD@Z 00405e83 f   fltkd:Fl_Button.obj
 0001:00004f20       ?down@@YA?AW4Fl_Boxtype@@W41@@Z 00405f20 f i fltkd:Fl_Button.obj
 0001:00004f30       ?selection_color@Fl_Widget@@QBE?AW4Fl_Color@@XZ 00405f30 f i fltkd:Fl_Button.obj
 0001:00004f50       ?value@Fl_Button@@QBEDXZ   00405f50 f i fltkd:Fl_Button.obj
 0001:00004f70       ?down_box@Fl_Button@@QBE?AW4Fl_Boxtype@@XZ 00405f70 f i fltkd:Fl_Button.obj
 0001:00004f90       ?down_box@Fl_Button@@QAEXW4Fl_Boxtype@@@Z 00405f90 f i fltkd:Fl_Button.obj
 0001:00004fb0       ?children@Fl_Group@@QBEHXZ 00405fb0 f i fltkd:Fl_Button.obj
 0001:00004fd5       ?fl_file_chooser_callback@@YAXP6AXPBD@Z@Z 00405fd5 f   fltkd:fl_file_chooser.obj
 0001:00004ffb       ?checkdir@FCB@@ABEHPBUdirent@@PAD@Z 00405ffb f   fltkd:fl_file_chooser.obj
 0001:000050cb       ?item_first@FCB@@EBEPAXXZ  004060cb f   fltkd:fl_file_chooser.obj
 0001:000050df       ?item_next@FCB@@EBEPAXPAX@Z 004060df f   fltkd:fl_file_chooser.obj
 0001:00005107       ?item_prev@FCB@@EBEPAXPAX@Z 00406107 f   fltkd:fl_file_chooser.obj
 0001:0000512c       ?incr_height@FCB@@EBEHXZ   0040612c f   fltkd:fl_file_chooser.obj
 0001:00005147       ?item_height@FCB@@ABEHPBUdirent@@H@Z 00406147 f   fltkd:fl_file_chooser.obj
 0001:00005364       ?item_height@FCB@@EBEHPAX@Z 00406364 f   fltkd:fl_file_chooser.obj
 0001:00005381       ?item_quick_height@FCB@@EBEHPAX@Z 00406381 f   fltkd:fl_file_chooser.obj
 0001:0000539e       ?item_draw@FCB@@EBEXPAXHHHH@Z 0040639e f   fltkd:fl_file_chooser.obj
 0001:00005468       ?item_width@FCB@@ABEHPBUdirent@@@Z 00406468 f   fltkd:fl_file_chooser.obj
 0001:000054d4       ?item_width@FCB@@EBEHPAX@Z 004064d4 f   fltkd:fl_file_chooser.obj
 0001:000054ef       ?get@FCB@@QAEHPAD@Z        004064ef f   fltkd:fl_file_chooser.obj
 0001:000056bb       ?set@FCB@@QAEXPBD@Z        004066bb f   fltkd:fl_file_chooser.obj
 0001:00005d89       ?draw@FCB@@EAEXXZ          00406d89 f   fltkd:fl_file_chooser.obj
 0001:00005e7b       ?clear_prev@FCB@@AAEXXZ    00406e7b f   fltkd:fl_file_chooser.obj
 0001:00005efa       ?clear@FCB@@QAEXXZ         00406efa f   fltkd:fl_file_chooser.obj
 0001:00005f98       ?handle@FCW@@UAEHH@Z       00406f98 f   fltkd:fl_file_chooser.obj
 0001:00006059       ??0FCW@@QAE@XZ             00407059 f   fltkd:fl_file_chooser.obj
 0001:00006ba2       ?fl_file_chooser@@YAPADPBD00@Z 00407ba2 f   fltkd:fl_file_chooser.obj
 0001:00006ef0       ??0FCB@@QAE@HHHH@Z         00407ef0 f i fltkd:fl_file_chooser.obj
 0001:00006fc0       ??_GFCB@@UAEPAXI@Z         00407fc0 f i fltkd:fl_file_chooser.obj
 0001:00006fc0       ??_EFCB@@UAEPAXI@Z         00407fc0 f i fltkd:fl_file_chooser.obj
 0001:00006ff0       ??1Fl_Browser_@@UAE@XZ     00407ff0 f i fltkd:fl_file_chooser.obj
 0001:00007050       ??1FCB@@UAE@XZ             00408050 f i fltkd:fl_file_chooser.obj
 0001:00007070       ??1Fl_Value_Slider@@UAE@XZ 00408070 f i fltkd:Fl_Value_Slider.obj
 0001:00007070       ??1Fl_Scrollbar@@UAE@XZ    00408070 f i fltkd:fl_file_chooser.obj
 0001:00007090       ?callback@Fl_Widget@@QAEXP6AXPAV1@PAX@Z1@Z 00408090 f i fltkd:fl_file_chooser.obj
 0001:000070b0       ?begin@Fl_Group@@QAEXXZ    004080b0 f i fltkd:fl_file_chooser.obj
 0001:000070d0       ?event_clicks@Fl@@SAHXZ    004080d0 f i fltkd:fl_file_chooser.obj
 0001:000070e0       ?event_button@Fl@@SAHXZ    004080e0 f i fltkd:fl_file_chooser.obj
 0001:000070f0       ?selection@Fl_Browser_@@IBEPAXXZ 004080f0 f i fltkd:fl_file_chooser.obj
 0001:00007110       ?textfont@Fl_Browser_@@QBE?AW4Fl_Font@@XZ 00408110 f i fltkd:fl_file_chooser.obj
 0001:00007130       ?textsize@Fl_Browser_@@QBEEXZ 00408130 f i fltkd:fl_file_chooser.obj
 0001:00007150       ?textcolor@Fl_Browser_@@QBE?AW4Fl_Color@@XZ 00408150 f i fltkd:fl_file_chooser.obj
 0001:00007170       ??_EFCW@@UAEPAXI@Z         00408170 f i fltkd:fl_file_chooser.obj
 0001:00007170       ??_GFCW@@UAEPAXI@Z         00408170 f i fltkd:fl_file_chooser.obj
 0001:000071a0       ??1Fl_Input@@UAE@XZ        004081a0 f i fltkd:fl_file_chooser.obj
 0001:000071c0       ??1FCW@@UAE@XZ             004081c0 f i fltkd:fl_file_chooser.obj
 0001:00007220       ?size@Fl_Input_@@QBEHXZ    00408220 f i fltkd:fl_file_chooser.obj
 0001:00007220       ?resizable@Fl_Group@@QBEPAVFl_Widget@@XZ 00408220 f i fltkd:Fl_Group.obj
 0001:00007240       ?position@Fl_Input_@@QAEHH@Z 00408240 f i fltkd:fl_file_chooser.obj
 0001:00007260       ?array@Fl_Group@@QBEPBQAVFl_Widget@@XZ 00408260 f   fltkd:Fl_Group.obj
 0001:0000728d       ?find@Fl_Group@@QBEHPBVFl_Widget@@@Z 0040828d f   fltkd:Fl_Group.obj
 0001:000072e0       ?handle@Fl_Group@@UAEHH@Z  004082e0 f   fltkd:Fl_Group.obj
 0001:000078d1       ?navigation@Fl_Group@@AAEHH@Z 004088d1 f   fltkd:Fl_Group.obj
 0001:00007a79       ??0Fl_Group@@QAE@HHHHPBD@Z 00408a79 f   fltkd:Fl_Group.obj
 0001:00007b1e       ?clear@Fl_Group@@QAEXXZ    00408b1e f   fltkd:Fl_Group.obj
 0001:00007bdf       ??1Fl_Group@@UAE@XZ        00408bdf f   fltkd:Fl_Group.obj
 0001:00007c30       ?insert@Fl_Group@@QAEXAAVFl_Widget@@H@Z 00408c30 f   fltkd:Fl_Group.obj
 0001:00007da8       ?add@Fl_Group@@QAEXAAVFl_Widget@@@Z 00408da8 f   fltkd:Fl_Group.obj
 0001:00007dc8       ?remove@Fl_Group@@QAEXAAVFl_Widget@@@Z 00408dc8 f   fltkd:Fl_Group.obj
 0001:00007ea1       ?init_sizes@Fl_Group@@QAEXXZ 00408ea1 f   fltkd:Fl_Group.obj
 0001:00007ecd       ?sizes@Fl_Group@@IAEPAFXZ  00408ecd f   fltkd:Fl_Group.obj
 0001:00008130       ?resize@Fl_Group@@UAEXHHHH@Z 00409130 f   fltkd:Fl_Group.obj
 0001:000084e7       ?draw@Fl_Group@@MAEXXZ     004094e7 f   fltkd:Fl_Group.obj
 0001:000085a0       ?update_child@Fl_Group@@IBEXAAVFl_Widget@@@Z 004095a0 f   fltkd:Fl_Group.obj
 0001:00008623       ?draw_child@Fl_Group@@IBEXAAVFl_Widget@@@Z 00409623 f   fltkd:Fl_Group.obj
 0001:000086a2       ?draw_outside_label@Fl_Group@@IBEXABVFl_Widget@@@Z 004096a2 f   fltkd:Fl_Group.obj
 0001:00008810       ?event_state@Fl@@SAHH@Z    00409810 f i fltkd:Fl_Group.obj
 0001:00008820       ??_GFl_Group@@UAEPAXI@Z    00409820 f i fltkd:Fl_Group.obj
 0001:00008820       ??_EFl_Group@@UAEPAXI@Z    00409820 f i fltkd:Fl_Group.obj
 0001:00008850       ?find@Fl_Group@@QBEHABVFl_Widget@@@Z 00409850 f i fltkd:Fl_Group.obj
 0001:00008870       ?add_fd@Fl@@SAXHHP6AXHPAX@Z0@Z 00409870 f   fltkd:Fl_x.obj
 0001:000089c9       ?add_fd@Fl@@SAXHP6AXHPAX@Z0@Z 004099c9 f   fltkd:Fl_x.obj
 0001:000089e4       ?remove_fd@Fl@@SAXHH@Z     004099e4 f   fltkd:Fl_x.obj
 0001:00008c25       ?remove_fd@Fl@@SAXH@Z      00409c25 f   fltkd:Fl_x.obj
 0001:00008c38       ?fl_wait@@YAHN@Z           00409c38 f   fltkd:Fl_x.obj
 0001:00008eee       ?fl_ready@@YAHXZ           00409eee f   fltkd:Fl_x.obj
 0001:00008f81       ?x@Fl@@SAHXZ               00409f81 f   fltkd:Fl_x.obj
 0001:00008f9e       ?y@Fl@@SAHXZ               00409f9e f   fltkd:Fl_x.obj
 0001:00008fbb       ?h@Fl@@SAHXZ               00409fbb f   fltkd:Fl_x.obj
 0001:00008fdb       ?w@Fl@@SAHXZ               00409fdb f   fltkd:Fl_x.obj
 0001:00008ffb       ?get_mouse@Fl@@SAXAAH0@Z   00409ffb f   fltkd:Fl_x.obj
 0001:0000901f       ?fake_X_wm@Fl_X@@SAHPBVFl_Window@@AAH1111@Z 0040a01f f   fltkd:Fl_x.obj
 0001:0000925e       ?resize@Fl_Window@@UAEXHHHH@Z 0040a25e f   fltkd:Fl_x.obj
 0001:000093f2       ?make@Fl_X@@SAPAV1@PAVFl_Window@@@Z 0040a3f2 f   fltkd:Fl_x.obj
 0001:0000a81c       ?size_range_@Fl_Window@@AAEXXZ 0040b81c f   fltkd:Fl_x.obj
 0001:0000a82e       ?set_minmax@Fl_X@@QAEXPAUtagMINMAXINFO@@@Z 0040b82e f   fltkd:Fl_x.obj
 0001:0000a907       ?filename_name@@YAPBDPBD@Z 0040b907 f   fltkd:Fl_x.obj
 0001:0000a975       ?label@Fl_Window@@QAEXPBD0@Z 0040b975 f   fltkd:Fl_x.obj
 0001:0000a9cf       ?show@Fl_Window@@UAEXXZ    0040b9cf f   fltkd:Fl_x.obj
 0001:0000aa2e       ?fl_GetDC@@YAPAUHDC__@@PAUHWND__@@@Z 0040ba2e f   fltkd:Fl_x.obj
 0001:0000aa9c       ?make_current@Fl_Window@@QAEXXZ 0040ba9c f   fltkd:Fl_x.obj
 0001:0000aae0       ?border@Fl_Window@@QBEHXZ  0040bae0 f i fltkd:Fl_x.obj
 0001:0000ab00       ?size_range@Fl_Window@@QAEXHHHHHHH@Z 0040bb00 f i fltkd:Fl_x.obj
 0001:0000ab60       ?icon@Fl_Window@@QBEPBXXZ  0040bb60 f i fltkd:Fl_x.obj
 0001:0000ab80       ?icon@Fl_Window@@QAEXPBX@Z 0040bb80 f i fltkd:Fl_x.obj
 0001:0000aba0       ?setwindow@Fl_X@@QAEXPAVFl_Window@@@Z 0040bba0 f i fltkd:Fl_x.obj
 0001:0000abc0       ?compose@Fl@@SAHAAH@Z      0040bbc0 f   fltkd:Fl_compose.obj
 0001:0000add0       ?fl_rect@@YAXHHHH@Z        0040bdd0 f   fltkd:fl_rect.obj
 0001:0000ae6d       ?fl_rectf@@YAXHHHH@Z       0040be6d f   fltkd:fl_rect.obj
 0001:0000aeba       ?fl_xyline@@YAXHHH@Z       0040beba f   fltkd:fl_rect.obj
 0001:0000aeee       ?fl_xyline@@YAXHHHH@Z      0040beee f   fltkd:fl_rect.obj
 0001:0000af50       ?fl_xyline@@YAXHHHHH@Z     0040bf50 f   fltkd:fl_rect.obj
 0001:0000afc7       ?fl_yxline@@YAXHHH@Z       0040bfc7 f   fltkd:fl_rect.obj
 0001:0000b014       ?fl_yxline@@YAXHHHH@Z      0040c014 f   fltkd:fl_rect.obj
 0001:0000b076       ?fl_yxline@@YAXHHHHH@Z     0040c076 f   fltkd:fl_rect.obj
 0001:0000b0ed       ?fl_line@@YAXHHHH@Z        0040c0ed f   fltkd:fl_rect.obj
 0001:0000b139       ?fl_line@@YAXHHHHHH@Z      0040c139 f   fltkd:fl_rect.obj
 0001:0000b19a       ?fl_loop@@YAXHHHHHH@Z      0040c19a f   fltkd:fl_rect.obj
 0001:0000b1f5       ?fl_loop@@YAXHHHHHHHH@Z    0040c1f5 f   fltkd:fl_rect.obj
 0001:0000b265       ?fl_polygon@@YAXHHHHHH@Z   0040c265 f   fltkd:fl_rect.obj
 0001:0000b2b8       ?fl_polygon@@YAXHHHHHHHH@Z 0040c2b8 f   fltkd:fl_rect.obj
 0001:0000b318       ?fl_point@@YAXHH@Z         0040c318 f   fltkd:fl_rect.obj
 0001:0000b338       ?fl_restore_clip@@YAXXZ    0040c338 f   fltkd:fl_rect.obj
 0001:0000b36e       ?fl_clip_region@@YAXPAUHRGN__@@@Z 0040c36e f   fltkd:fl_rect.obj
 0001:0000b3ab       ?fl_clip@@YAXHHHH@Z        0040c3ab f   fltkd:fl_rect.obj
 0001:0000b444       ?fl_push_no_clip@@YAXXZ    0040c444 f   fltkd:fl_rect.obj
 0001:0000b475       ?fl_pop_clip@@YAXXZ        0040c475 f   fltkd:fl_rect.obj
 0001:0000b4bb       ?fl_not_clipped@@YAHHHHH@Z 0040c4bb f   fltkd:fl_rect.obj
 0001:0000b548       ?fl_clip_box@@YAHHHHHAAH000@Z 0040c548 f   fltkd:fl_rect.obj
 0001:0000b660       ?current@Fl_Window@@SAPAV1@XZ 0040c660 f i fltkd:fl_rect.obj
 0001:0000b670       ?fl_RGB@@YAKXZ             0040c670 f i fltkd:fl_rect.obj
 0001:0000b680       ?hotspot@Fl_Window@@QAEXHHH@Z 0040c680 f   fltkd:Fl_Window_hotspot.obj
 0001:0000b6c1       ?hotspot@Fl_Window@@QAEXPBVFl_Widget@@H@Z 0040c6c1 f   fltkd:Fl_Window_hotspot.obj
 0001:0000b740       _vsnprintf                 0040c740 f   fltkd:vsnprintf.obj
 0001:0000ba5b       _snprintf                  0040ca5b f   fltkd:vsnprintf.obj
 0001:0000ba90       ?draw@Fl_Input@@UAEXXZ     0040ca90 f   fltkd:Fl_Input.obj
 0001:0000bb5d       ?shift_position@Fl_Input@@AAEHH@Z 0040cb5d f   fltkd:Fl_Input.obj
 0001:0000bba0       ?shift_up_down_position@Fl_Input@@AAEHH@Z 0040cba0 f   fltkd:Fl_Input.obj
 0001:0000bbc7       ?handle_key@Fl_Input@@AAEHXZ 0040cbc7 f   fltkd:Fl_Input.obj
 0001:0000c44f       ?handle@Fl_Input@@UAEHH@Z  0040d44f f   fltkd:Fl_Input.obj
 0001:0000c659       ??0Fl_Input@@QAE@HHHHPBD@Z 0040d659 f   fltkd:Fl_Input.obj
 0001:0000c690       ?event_state@Fl@@SAHXZ     0040d690 f i fltkd:Fl_Input.obj
 0001:0000c6a0       ?event_length@Fl@@SAHXZ    0040d6a0 f i fltkd:Fl_Input.obj
 0001:0000c6b0       ?event_is_click@Fl@@SAHXZ  0040d6b0 f i fltkd:Fl_Input.obj
 0001:0000c6c0       ?event_is_click@Fl@@SAXH@Z 0040d6c0 f i fltkd:Fl_Input.obj
 0001:0000c6d0       ??_EFl_Input@@UAEPAXI@Z    0040d6d0 f i fltkd:Fl_Input.obj
 0001:0000c6d0       ??_GFl_Input@@UAEPAXI@Z    0040d6d0 f i fltkd:Fl_Input.obj
 0001:0000c700       ?index@Fl_Input_@@QBEDH@Z  0040d700 f i fltkd:Fl_Input.obj
 0001:0000c720       ?position@Fl_Input_@@QBEHXZ 0040d720 f i fltkd:Fl_Input.obj
 0001:0000c740       ?mark@Fl_Input_@@QBEHXZ    0040d740 f i fltkd:Fl_Input.obj
 0001:0000c760       ?cut@Fl_Input_@@QAEHXZ     0040d760 f i fltkd:Fl_Input.obj
 0001:0000c790       ?cut@Fl_Input_@@QAEHH@Z    0040d790 f i fltkd:Fl_Input.obj
 0001:0000c7c0       ?cut@Fl_Input_@@QAEHHH@Z   0040d7c0 f i fltkd:Fl_Input.obj
 0001:0000c7f0       ?expand@Fl_Input_@@ABEPBDPBDPAD@Z 0040d7f0 f   fltkd:Fl_Input_.obj
 0001:0000c9f1       ?expandpos@Fl_Input_@@ABENPBD00PAH@Z 0040d9f1 f   fltkd:Fl_Input_.obj
 0001:0000cae3       ?minimal_update@Fl_Input_@@AAEXH@Z 0040dae3 f   fltkd:Fl_Input_.obj
 0001:0000cb4c       ?minimal_update@Fl_Input_@@AAEXHH@Z 0040db4c f   fltkd:Fl_Input_.obj
 0001:0000cb73       ?setfont@Fl_Input_@@ABEXXZ 0040db73 f   fltkd:Fl_Input_.obj
 0001:0000cb9d       ?drawtext@Fl_Input_@@IAEXHHHH@Z 0040db9d f   fltkd:Fl_Input_.obj
 0001:0000d5ef       ?word_end@Fl_Input_@@IBEHH@Z 0040e5ef f   fltkd:Fl_Input_.obj
 0001:0000d69d       ?word_start@Fl_Input_@@IBEHH@Z 0040e69d f   fltkd:Fl_Input_.obj
 0001:0000d6f0       ?line_end@Fl_Input_@@IBEHH@Z 0040e6f0 f   fltkd:Fl_Input_.obj
 0001:0000d748       ?line_start@Fl_Input_@@IBEHH@Z 0040e748 f   fltkd:Fl_Input_.obj
 0001:0000d79e       ?handle_mouse@Fl_Input_@@IAEXHHHHH@Z 0040e79e f   fltkd:Fl_Input_.obj
 0001:0000dcd8       ?position@Fl_Input_@@QAEHHH@Z 0040ecd8 f   fltkd:Fl_Input_.obj
 0001:0000de0d       ?up_down_position@Fl_Input_@@IAEHHH@Z 0040ee0d f   fltkd:Fl_Input_.obj
 0001:0000df5d       ?copy@Fl_Input_@@QAEHXZ    0040ef5d f   fltkd:Fl_Input_.obj
 0001:0000e013       ?replace@Fl_Input_@@QAEHHHPBDH@Z 0040f013 f   fltkd:Fl_Input_.obj
 0001:0000e494       ?undo@Fl_Input_@@QAEHXZ    0040f494 f   fltkd:Fl_Input_.obj
 0001:0000e646       ?copy_cuts@Fl_Input_@@QAEHXZ 0040f646 f   fltkd:Fl_Input_.obj
 0001:0000e67c       ?maybe_do_callback@Fl_Input_@@IAEXXZ 0040f67c f   fltkd:Fl_Input_.obj
 0001:0000e6b2       ?handletext@Fl_Input_@@IAEHHHHHH@Z 0040f6b2 f   fltkd:Fl_Input_.obj
 0001:0000e8ad       ??0Fl_Input_@@QAE@HHHHPBD@Z 0040f8ad f   fltkd:Fl_Input_.obj
 0001:0000e9aa       ?put_in_buffer@Fl_Input_@@AAEXH@Z 0040f9aa f   fltkd:Fl_Input_.obj
 0001:0000eb1e       ?static_value@Fl_Input_@@QAEHPBDH@Z 0040fb1e f   fltkd:Fl_Input_.obj
 0001:0000ec7a       ?static_value@Fl_Input_@@QAEHPBD@Z 0040fc7a f   fltkd:Fl_Input_.obj
 0001:0000ecb7       ?value@Fl_Input_@@QAEHPBDH@Z 0040fcb7 f   fltkd:Fl_Input_.obj
 0001:0000ecee       ?value@Fl_Input_@@QAEHPBD@Z 0040fcee f   fltkd:Fl_Input_.obj
 0001:0000ed2b       ?resize@Fl_Input_@@UAEXHHHH@Z 0040fd2b f   fltkd:Fl_Input_.obj
 0001:0000ed7e       ??1Fl_Input_@@UAE@XZ       0040fd7e f   fltkd:Fl_Input_.obj
 0001:0000edd0       ?event_x@Fl@@SAHXZ         0040fdd0 f i fltkd:Fl_Input_.obj
 0001:0000ede0       ?event_y@Fl@@SAHXZ         0040fde0 f i fltkd:Fl_Input_.obj
 0001:0000edf0       ?event_clicks@Fl@@SAXH@Z   0040fdf0 f i fltkd:Fl_Input_.obj
 0001:0000ee00       ?textfont@Fl_Input_@@QBE?AW4Fl_Font@@XZ 0040fe00 f i fltkd:Fl_Input_.obj
 0001:0000ee20       ?textsize@Fl_Input_@@QBEEXZ 0040fe20 f i fltkd:Fl_Input_.obj
 0001:0000ee40       ?textcolor@Fl_Input_@@QBE?AW4Fl_Color@@XZ 0040fe40 f i fltkd:Fl_Input_.obj
 0001:0000ee60       ?cursor_color@Fl_Input_@@QBE?AW4Fl_Color@@XZ 0040fe60 f i fltkd:Fl_Input_.obj
 0001:0000ee80       ?color@Fl_Widget@@QAEXEE@Z 0040fe80 f i fltkd:Fl_Input_.obj
 0001:0000eea0       ??_EFl_Input_@@UAEPAXI@Z   0040fea0 f i fltkd:Fl_Input_.obj
 0001:0000eea0       ??_GFl_Input_@@UAEPAXI@Z   0040fea0 f i fltkd:Fl_Input_.obj
 0001:0000eed0       ?draw@Fl_Box@@MAEXXZ       0040fed0 f   fltkd:Fl_Box.obj
 0001:0000eef0       ?test_shortcut@Fl@@SAHH@Z  0040fef0 f   fltkd:fl_shortcut.obj
 0001:0000efba       ?fl_shortcut_label@@YAPBDH@Z 0040ffba f   fltkd:fl_shortcut.obj
 0001:0000f1e6       ?fl_old_shortcut@@YAHPBD@Z 004101e6 f   fltkd:fl_shortcut.obj
 0001:0000f299       ?test_shortcut@Fl_Widget@@SAHPBD@Z 00410299 f   fltkd:fl_shortcut.obj
 0001:0000f31a       ?test_shortcut@Fl_Widget@@QAEHXZ 0041031a f   fltkd:fl_shortcut.obj
 0001:0000f350       ?fl_return_arrow@@YAHHHHH@Z 00410350 f   fltkd:Fl_Return_Button.obj
 0001:0000f4c0       ?draw@Fl_Return_Button@@MAEXXZ 004104c0 f   fltkd:Fl_Return_Button.obj
 0001:0000f60a       ?handle@Fl_Return_Button@@UAEHH@Z 0041060a f   fltkd:Fl_Return_Button.obj
 0001:0000f650       ?fl_gray_ramp@@YA?AW4Fl_Color@@H@Z 00410650 f i fltkd:Fl_Return_Button.obj
 0001:0000f660       ?find@Fl_Gl_Choice@@SAPAV1@HPBH@Z 00410660 f   fltkd:Fl_Gl_Choice.obj
 0001:0000f85d       ?fl_create_gl_context@@YAPAUHGLRC__@@PAVFl_Window@@PBVFl_Gl_Choice@@H@Z 0041085d f   fltkd:Fl_Gl_Choice.obj
 0001:0000f937       ?fl_set_gl_context@@YAXPAVFl_Window@@PAUHGLRC__@@@Z 00410937 f   fltkd:Fl_Gl_Choice.obj
 0001:0000f97d       ?fl_no_gl_context@@YAXXZ   0041097d f   fltkd:Fl_Gl_Choice.obj
 0001:0000f9a0       ?fl_delete_gl_context@@YAXPAUHGLRC__@@@Z 004109a0 f   fltkd:Fl_Gl_Choice.obj
 0001:0000fa90       ?get_color@Fl@@SAIW4Fl_Color@@@Z 00410a90 f   fltkd:fl_color.obj
 0001:0000fa9f       ?set_color@Fl@@SAXW4Fl_Color@@EEE@Z 00410a9f f   fltkd:fl_color.obj
 0001:0000fad8       ?get_color@Fl@@SAXW4Fl_Color@@AAE11@Z 00410ad8 f   fltkd:fl_color.obj
 0001:0000fb0e       ?fl_color_average@@YA?AW4Fl_Color@@W41@0M@Z 00410b0e f   fltkd:fl_color.obj
 0001:0000fc8a       ?inactive@@YA?AW4Fl_Color@@W41@@Z 00410c8a f   fltkd:fl_color.obj
 0001:0000fca2       ?contrast@@YA?AW4Fl_Color@@W41@0@Z 00410ca2 f   fltkd:fl_color.obj
 0001:0000fcf4       ?fl_color@@YAXW4Fl_Color@@@Z 00410cf4 f   fltkd:fl_color.obj
 0001:0000fdd4       ?fl_color@@YAXEEE@Z        00410dd4 f   fltkd:fl_color.obj
 0001:0000fefe       ?fl_brush@@YAPAUHBRUSH__@@XZ 00410efe f   fltkd:fl_color.obj
 0001:000100d3       ?free_color@Fl@@SAXW4Fl_Color@@H@Z 004110d3 f   fltkd:fl_color.obj
 0001:000100f4       ?set_color@Fl@@SAXW4Fl_Color@@I@Z 004110f4 f   fltkd:fl_color.obj
 0001:0001012a       ?fl_select_palette@@YAPAUHPALETTE__@@XZ 0041112a f   fltkd:fl_color.obj
 0001:00010280       ?fl_color_cube@@YA?AW4Fl_Color@@HHH@Z 00411280 f i fltkd:fl_color.obj
 0001:000102a0       ?size@Fl_Menu_Item@@QBEHXZ 004112a0 f   fltkd:Fl_Menu.obj
 0001:00010307       ?next@Fl_Menu_Item@@QBEPBU1@H@Z 00411307 f   fltkd:Fl_Menu.obj
 0001:00010390       ?measure@Fl_Menu_Item@@QBEHPAHPBVFl_Menu_@@@Z 00411390 f   fltkd:Fl_Menu.obj
 0001:00010496       ?draw@Fl_Menu_Item@@QBEXHHHHPBVFl_Menu_@@H@Z 00411496 f   fltkd:Fl_Menu.obj
 0001:00010959       ??0menutitle@@QAE@HHHHPBUFl_Menu_Item@@@Z 00411959 f   fltkd:Fl_Menu.obj
 0001:000109ee       ??0menuwindow@@QAE@PBUFl_Menu_Item@@HHHH00HH@Z 004119ee f   fltkd:Fl_Menu.obj
 0001:00010ed2       ??1menuwindow@@UAE@XZ      00411ed2 f   fltkd:Fl_Menu.obj
 0001:00010f4a       ?position@menuwindow@@QAEXHH@Z 00411f4a f   fltkd:Fl_Menu.obj
 0001:00010f9c       ?autoscroll@menuwindow@@QAEXH@Z 00411f9c f   fltkd:Fl_Menu.obj
 0001:0001103f       ?drawentry@menuwindow@@AAEXPBUFl_Menu_Item@@HH@Z 0041203f f   fltkd:Fl_Menu.obj
 0001:000112b5       ?draw@menutitle@@EAEXXZ    004122b5 f   fltkd:Fl_Menu.obj
 0001:000112e9       ?draw@menuwindow@@EAEXXZ   004122e9 f   fltkd:Fl_Menu.obj
 0001:000113fd       ?set_selected@menuwindow@@QAEXH@Z 004123fd f   fltkd:Fl_Menu.obj
 0001:00011428       ?find_selected@menuwindow@@QAEHHH@Z 00412428 f   fltkd:Fl_Menu.obj
 0001:0001156a       ?titlex@menuwindow@@QAEHH@Z 0041256a f   fltkd:Fl_Menu.obj
 0001:000115c8       ?handle@menuwindow@@UAEHH@Z 004125c8 f   fltkd:Fl_Menu.obj
 0001:00011c2e       ?pulldown@Fl_Menu_Item@@QBEPBU1@HHHHPBU1@PBVFl_Menu_@@0H@Z 00412c2e f   fltkd:Fl_Menu.obj
 0001:000125ef       ?popup@Fl_Menu_Item@@QBEPBU1@HHPBDPBU1@PBVFl_Menu_@@@Z 004135ef f   fltkd:Fl_Menu.obj
 0001:00012630       ?find_shortcut@Fl_Menu_Item@@QBEPBU1@PAH@Z 00413630 f   fltkd:Fl_Menu.obj
 0001:000126ba       ?test_shortcut@Fl_Menu_Item@@QBEPBU1@XZ 004136ba f   fltkd:Fl_Menu.obj
 0001:00012770       ??_Gmenutitle@@UAEPAXI@Z   00413770 f i fltkd:Fl_Menu.obj
 0001:00012770       ??_Emenutitle@@UAEPAXI@Z   00413770 f i fltkd:Fl_Menu.obj
 0001:000127a0       ??1menutitle@@UAE@XZ       004137a0 f i fltkd:Fl_Menu.obj
 0001:000127c0       ?w@Fl_Widget@@IAEXH@Z      004137c0 f i fltkd:Fl_Menu.obj
 0001:000127e0       ?h@Fl_Widget@@IAEXH@Z      004137e0 f i fltkd:Fl_Menu.obj
 0001:00012800       ??_Gmenuwindow@@UAEPAXI@Z  00413800 f i fltkd:Fl_Menu.obj
 0001:00012800       ??_Emenuwindow@@UAEPAXI@Z  00413800 f i fltkd:Fl_Menu.obj
 0001:00012830       ?clear_border@Fl_Window@@QAEXXZ 00413830 f i fltkd:Fl_Menu.obj
 0001:00012850       ?event_x_root@Fl@@SAHXZ    00413850 f i fltkd:Fl_Menu.obj
 0001:00012860       ?event_y_root@Fl@@SAHXZ    00413860 f i fltkd:Fl_Menu.obj
 0001:00012870       ?event_shift@Fl@@SAHXZ     00413870 f i fltkd:Fl_Menu.obj
 0001:00012880       ?clear_overlay@Fl_Menu_Window@@QAEXXZ 00413880 f i fltkd:Fl_Menu.obj
 0001:000128a0       ??0Fl_Menu_Window@@QAE@HHHHPBD@Z 004138a0 f i fltkd:Fl_Menu.obj
 0001:000128e0       ??0Fl_Single_Window@@QAE@HHHHPBD@Z 004138e0 f i fltkd:Fl_Menu.obj
 0001:00012920       ??_GFl_Single_Window@@UAEPAXI@Z 00413920 f i fltkd:Fl_Menu.obj
 0001:00012920       ??_EFl_Single_Window@@UAEPAXI@Z 00413920 f i fltkd:Fl_Menu.obj
 0001:00012950       ??1Fl_Single_Window@@UAE@XZ 00413950 f i fltkd:Fl_Menu.obj
 0001:00012970       ??_EFl_Menu_Window@@UAEPAXI@Z 00413970 f i fltkd:Fl_Menu.obj
 0001:00012970       ??_GFl_Menu_Window@@UAEPAXI@Z 00413970 f i fltkd:Fl_Menu.obj
 0001:000129a0       ?grab@Fl@@SAXAAVFl_Window@@@Z 004139a0 f i fltkd:Fl_Menu.obj
 0001:000129c0       ?release@Fl@@SAXXZ         004139c0 f i fltkd:Fl_Menu.obj
 0001:000129d0       ?visible@Fl_Menu_Item@@QBEHXZ 004139d0 f i fltkd:Fl_Menu.obj
 0001:000129f0       ?active@Fl_Menu_Item@@QBEHXZ 004139f0 f i fltkd:Fl_Menu.obj
 0001:00012a10       ?activevisible@Fl_Menu_Item@@QBEHXZ 00413a10 f i fltkd:Fl_Menu.obj
 0001:00012a30       ?textfont@Fl_Menu_@@QBE?AW4Fl_Font@@XZ 00413a30 f i fltkd:Fl_Menu.obj
 0001:00012a50       ?textsize@Fl_Menu_@@QBEEXZ 00413a50 f i fltkd:Fl_Menu.obj
 0001:00012a70       ?textcolor@Fl_Menu_@@QBE?AW4Fl_Color@@XZ 00413a70 f i fltkd:Fl_Menu.obj
 0001:00012a90       ?down_box@Fl_Menu_@@QBE?AW4Fl_Boxtype@@XZ 00413a90 f i fltkd:Fl_Menu.obj
 0001:00012ab0       ?fl_gray_ramp@@YAPAEXZ     00413ab0 f   fltkd:fl_boxtype.obj
 0001:00012ad7       ?fl_frame@@YAXPBDHHHH@Z    00413ad7 f   fltkd:fl_boxtype.obj
 0001:00012c7e       ?fl_frame2@@YAXPBDHHHH@Z   00413c7e f   fltkd:fl_boxtype.obj
 0001:00012e25       ?fl_no_box@@YAXHHHHW4Fl_Color@@@Z 00413e25 f   fltkd:fl_boxtype.obj
 0001:00012e2a       ?fl_thin_down_frame@@YAXHHHHW4Fl_Color@@@Z 00413e2a f   fltkd:fl_boxtype.obj
 0001:00012e4c       ?fl_thin_down_box@@YAXHHHHW4Fl_Color@@@Z 00413e4c f   fltkd:fl_boxtype.obj
 0001:00012e9d       ?fl_thin_up_frame@@YAXHHHHW4Fl_Color@@@Z 00413e9d f   fltkd:fl_boxtype.obj
 0001:00012ebf       ?fl_thin_up_box@@YAXHHHHW4Fl_Color@@@Z 00413ebf f   fltkd:fl_boxtype.obj
 0001:00012f10       ?fl_up_frame@@YAXHHHHW4Fl_Color@@@Z 00413f10 f   fltkd:fl_boxtype.obj
 0001:00012f32       ?fl_up_box@@YAXHHHHW4Fl_Color@@@Z 00413f32 f   fltkd:fl_boxtype.obj
 0001:00012f83       ?fl_down_frame@@YAXHHHHW4Fl_Color@@@Z 00413f83 f   fltkd:fl_boxtype.obj
 0001:00012fa5       ?fl_down_box@@YAXHHHHW4Fl_Color@@@Z 00413fa5 f   fltkd:fl_boxtype.obj
 0001:00012ff6       ?fl_engraved_frame@@YAXHHHHW4Fl_Color@@@Z 00413ff6 f   fltkd:fl_boxtype.obj
 0001:00013018       ?fl_engraved_box@@YAXHHHHW4Fl_Color@@@Z 00414018 f   fltkd:fl_boxtype.obj
 0001:00013069       ?fl_embossed_frame@@YAXHHHHW4Fl_Color@@@Z 00414069 f   fltkd:fl_boxtype.obj
 0001:0001308b       ?fl_embossed_box@@YAXHHHHW4Fl_Color@@@Z 0041408b f   fltkd:fl_boxtype.obj
 0001:000130dc       ?fl_rectbound@@YAXHHHHW4Fl_Color@@@Z 004140dc f   fltkd:fl_boxtype.obj
 0001:00013133       ?fl_rectf@@YAXHHHHW4Fl_Color@@@Z 00414133 f   fltkd:fl_boxtype.obj
 0001:0001315c       ?fl_border_frame@@YAXHHHHW4Fl_Color@@@Z 0041415c f   fltkd:fl_boxtype.obj
 0001:00013185       ?box_dx@Fl@@SAHW4Fl_Boxtype@@@Z 00414185 f   fltkd:fl_boxtype.obj
 0001:00013198       ?box_dy@Fl@@SAHW4Fl_Boxtype@@@Z 00414198 f   fltkd:fl_boxtype.obj
 0001:000131ab       ?box_dw@Fl@@SAHW4Fl_Boxtype@@@Z 004141ab f   fltkd:fl_boxtype.obj
 0001:000131be       ?box_dh@Fl@@SAHW4Fl_Boxtype@@@Z 004141be f   fltkd:fl_boxtype.obj
 0001:000131d1       ?fl_internal_boxtype@@YAXW4Fl_Boxtype@@P6AXHHHHW4Fl_Color@@@Z@Z 004141d1 f   fltkd:fl_boxtype.obj
 0001:000131e3       ?set_boxtype@Fl@@SAXW4Fl_Boxtype@@P6AXHHHHW4Fl_Color@@@ZEEEE@Z 004141e3 f   fltkd:fl_boxtype.obj
 0001:00013229       ?set_boxtype@Fl@@SAXW4Fl_Boxtype@@0@Z 00414229 f   fltkd:fl_boxtype.obj
 0001:00013250       ?fl_draw_box@@YAXW4Fl_Boxtype@@HHHHW4Fl_Color@@@Z 00414250 f   fltkd:fl_boxtype.obj
 0001:0001327c       ?draw_box@Fl_Widget@@IBEXXZ 0041427c f   fltkd:fl_boxtype.obj
 0001:000132d1       ?draw_box@Fl_Widget@@IBEXW4Fl_Boxtype@@W4Fl_Color@@@Z 004142d1 f   fltkd:fl_boxtype.obj
 0001:0001330e       ?draw_box@Fl_Widget@@IBEXW4Fl_Boxtype@@HHHHW4Fl_Color@@@Z 0041430e f   fltkd:fl_boxtype.obj
 0001:00013360       ?fl_color@@YAXH@Z          00414360 f i fltkd:fl_boxtype.obj
 0001:00013380       ?_Fl_Slider@Fl_Slider@@AAEXXZ 00414380 f   fltkd:Fl_Slider.obj
 0001:0001339c       ??0Fl_Slider@@QAE@HHHHPBD@Z 0041439c f   fltkd:Fl_Slider.obj
 0001:00013410       ??0Fl_Slider@@QAE@EHHHHPBD@Z 00414410 f   fltkd:Fl_Slider.obj
 0001:000134c0       ?slider_size@Fl_Slider@@QAEXN@Z 004144c0 f   fltkd:Fl_Slider.obj
 0001:00013531       ?bounds@Fl_Slider@@QAEXNN@Z 00414531 f   fltkd:Fl_Slider.obj
 0001:00013584       ?scrollvalue@Fl_Slider@@QAEHHHHH@Z 00414584 f   fltkd:Fl_Slider.obj
 0001:00013628       ?draw_bg@Fl_Slider@@AAEXHHHH@Z 00414628 f   fltkd:Fl_Slider.obj
 0001:000136df       ?draw@Fl_Slider@@IAEXHHHH@Z 004146df f   fltkd:Fl_Slider.obj
 0001:00013b6d       ?draw@Fl_Slider@@UAEXXZ    00414b6d f   fltkd:Fl_Slider.obj
 0001:00013c18       ?handle@Fl_Slider@@IAEHHHHHH@Z 00414c18 f   fltkd:Fl_Slider.obj
 0001:00013fe6       ?handle@Fl_Slider@@UAEHH@Z 00414fe6 f   fltkd:Fl_Slider.obj
 0001:00014080       ??_GFl_Slider@@UAEPAXI@Z   00415080 f i fltkd:Fl_Slider.obj
 0001:00014080       ??_EFl_Slider@@UAEPAXI@Z   00415080 f i fltkd:Fl_Slider.obj
 0001:00014080       ??_GFl_Return_Button@@UAEPAXI@Z 00415080 f i fltkd:fl_ask.obj
 0001:00014080       ??_EFl_Return_Button@@UAEPAXI@Z 00415080 f i fltkd:fl_ask.obj
 0001:000140b0       ?handle_push@Fl_Valuator@@IAEXXZ 004150b0 f i fltkd:Fl_Slider.obj
 0001:000140d0       ?bounds@Fl_Valuator@@QAEXNN@Z 004150d0 f i fltkd:Fl_Slider.obj
 0001:00014100       ?minimum@Fl_Valuator@@QBENXZ 00415100 f i fltkd:Fl_Slider.obj
 0001:00014120       ?maximum@Fl_Valuator@@QBENXZ 00415120 f i fltkd:Fl_Slider.obj
 0001:00014140       ?slider@Fl_Slider@@QBE?AW4Fl_Boxtype@@XZ 00415140 f i fltkd:Fl_Slider.obj
 0001:00014160       ?fl_draw@@YAXPBDHHHHW4Fl_Align@@P6AX0HHH@Z@Z 00415160 f   fltkd:fl_draw.obj
 0001:000145e0       ?fl_draw@@YAXPBDHHHHW4Fl_Align@@@Z 004155e0 f   fltkd:fl_draw.obj
 0001:0001467a       ?fl_measure@@YAXPBDAAH1@Z  0041567a f   fltkd:fl_draw.obj
 0001:00014770       ??0Fl_FontSize@@QAE@PBDH@Z 00415770 f   fltkd:fl_font.obj
 0001:000148e1       ??1Fl_FontSize@@QAE@XZ     004158e1 f   fltkd:fl_font.obj
 0001:0001490e       ?fl_font@@YAXHH@Z          0041590e f   fltkd:fl_font.obj
 0001:00014a3b       ?fl_height@@YAHXZ          00415a3b f   fltkd:fl_font.obj
 0001:00014a57       ?fl_descent@@YAHXZ         00415a57 f   fltkd:fl_font.obj
 0001:00014a67       ?fl_width@@YANPBD@Z        00415a67 f   fltkd:fl_font.obj
 0001:00014aae       ?fl_width@@YANPBDH@Z       00415aae f   fltkd:fl_font.obj
 0001:00014afb       ?fl_width@@YANE@Z          00415afb f   fltkd:fl_font.obj
 0001:00014b12       ?fl_draw@@YAXPBDHHH@Z      00415b12 f   fltkd:fl_font.obj
 0001:00014b5c       ?fl_draw@@YAXPBDHH@Z       00415b5c f   fltkd:fl_font.obj
 0001:00014b90       ?fl_no_label@@YAXPBUFl_Label@@HHHHW4Fl_Align@@@Z 00415b90 f   fltkd:fl_labeltype.obj
 0001:00014b95       ?fl_normal_label@@YAXPBUFl_Label@@HHHHW4Fl_Align@@@Z 00415b95 f   fltkd:fl_labeltype.obj
 0001:00014be7       ?fl_normal_measure@@YAXPBUFl_Label@@AAH1@Z 00415be7 f   fltkd:fl_labeltype.obj
 0001:00014c1c       ?set_labeltype@Fl@@SAXW4Fl_Labeltype@@P6AXPBUFl_Label@@HHHHW4Fl_Align@@@ZP6AX1AAH4@Z@Z 00415c1c f   fltkd:fl_labeltype.obj
 0001:00014c3b       ?draw@Fl_Label@@QBEXHHHHW4Fl_Align@@@Z 00415c3b f   fltkd:fl_labeltype.obj
 0001:00014c7c       ?measure@Fl_Label@@QBEXAAH0@Z 00415c7c f   fltkd:fl_labeltype.obj
 0001:00014cc6       ?draw_label@Fl_Widget@@IBEXXZ 00415cc6 f   fltkd:fl_labeltype.obj
 0001:00014d7c       ?draw_label@Fl_Widget@@IBEXHHHH@Z 00415d7c f   fltkd:fl_labeltype.obj
 0001:00014dca       ?draw_label@Fl_Widget@@QBEXHHHHW4Fl_Align@@@Z 00415dca f   fltkd:fl_labeltype.obj
 0001:00014e50       ?filename_isdir@@YAHPBD@Z  00415e50 f   fltkd:filename_isdir.obj
 0001:00014f10       ?filename_match@@YAHPBD0@Z 00415f10 f   fltkd:filename_match.obj
 0001:00015390       ?bbox@Fl_Browser_@@IBEXAAH000@Z 00416390 f   fltkd:Fl_Browser_.obj
 0001:000154e2       ?leftedge@Fl_Browser_@@IBEHXZ 004164e2 f   fltkd:Fl_Browser_.obj
 0001:0001550a       ?resize@Fl_Browser_@@UAEXHHHH@Z 0041650a f   fltkd:Fl_Browser_.obj
 0001:000155e4       ?redraw_line@Fl_Browser_@@IAEXPAX@Z 004165e4 f   fltkd:Fl_Browser_.obj
 0001:0001564d       ?update_top@Fl_Browser_@@AAEXXZ 0041664d f   fltkd:Fl_Browser_.obj
 0001:0001584f       ?position@Fl_Browser_@@QAEXH@Z 0041684f f   fltkd:Fl_Browser_.obj
 0001:00015892       ?hposition@Fl_Browser_@@QAEXH@Z 00416892 f   fltkd:Fl_Browser_.obj
 0001:000158d5       ?displayed@Fl_Browser_@@IBEHPAX@Z 004168d5 f   fltkd:Fl_Browser_.obj
 0001:0001595b       ?display@Fl_Browser_@@QAEXPAX@Z 0041695b f   fltkd:Fl_Browser_.obj
 0001:00015b43       ?draw@Fl_Browser_@@MAEXXZ  00416b43 f   fltkd:Fl_Browser_.obj
 0001:000163e7       ?new_list@Fl_Browser_@@IAEXXZ 004173e7 f   fltkd:Fl_Browser_.obj
 0001:00016454       ?deleting@Fl_Browser_@@IAEXPAX@Z 00417454 f   fltkd:Fl_Browser_.obj
 0001:0001651d       ?replacing@Fl_Browser_@@IAEXPAX0@Z 0041751d f   fltkd:Fl_Browser_.obj
 0001:0001657d       ?inserting@Fl_Browser_@@IAEXPAX0@Z 0041757d f   fltkd:Fl_Browser_.obj
 0001:000165b6       ?find_item@Fl_Browser_@@IAEPAXH@Z 004175b6 f   fltkd:Fl_Browser_.obj
 0001:00016653       ?select@Fl_Browser_@@QAEHPAXHH@Z 00417653 f   fltkd:Fl_Browser_.obj
 0001:000167b7       ?deselect@Fl_Browser_@@QAEHH@Z 004177b7 f   fltkd:Fl_Browser_.obj
 0001:00016867       ?select_only@Fl_Browser_@@QAEHPAXH@Z 00417867 f   fltkd:Fl_Browser_.obj
 0001:0001691b       ?handle@Fl_Browser_@@UAEHH@Z 0041791b f   fltkd:Fl_Browser_.obj
 0001:000171d9       ??0Fl_Browser_@@IAE@HHHHPBD@Z 004181d9 f   fltkd:Fl_Browser_.obj
 0001:000173a5       ?item_quick_height@Fl_Browser_@@MBEHPAX@Z 004183a5 f   fltkd:Fl_Browser_.obj
 0001:000173c1       ?incr_height@Fl_Browser_@@MBEHXZ 004183c1 f   fltkd:Fl_Browser_.obj
 0001:000173e3       ?full_height@Fl_Browser_@@MBEHXZ 004183e3 f   fltkd:Fl_Browser_.obj
 0001:0001743b       ?full_width@Fl_Browser_@@MBEHXZ 0041843b f   fltkd:Fl_Browser_.obj
 0001:0001744c       ?item_select@Fl_Browser_@@MAEXPAXH@Z 0041844c f   fltkd:Fl_Browser_.obj
 0001:00017459       ?item_selected@Fl_Browser_@@MBEHPAX@Z 00418459 f   fltkd:Fl_Browser_.obj
 0001:00017480       ?value@Fl_Scrollbar@@QAEHHHHH@Z 00418480 f i fltkd:Fl_Browser_.obj
 0001:000174b0       ?linesize@Fl_Scrollbar@@QAEXH@Z 004184b0 f i fltkd:Fl_Browser_.obj
 0001:000174d0       ?top@Fl_Browser_@@IBEPAXXZ 004184d0 f i fltkd:Fl_Browser_.obj
 0001:000174f0       ?redraw_lines@Fl_Browser_@@IAEXXZ 004184f0 f i fltkd:Fl_Browser_.obj
 0001:00017510       ?value@Fl_Scrollbar@@QAEHXZ 00418510 f i fltkd:Fl_Browser_.obj
 0001:00017530       ??_GFl_Browser_@@UAEPAXI@Z 00418530 f i fltkd:Fl_Browser_.obj
 0001:00017530       ??_EFl_Browser_@@UAEPAXI@Z 00418530 f i fltkd:Fl_Browser_.obj
 0001:00017560       ?filename_list@@YAHPBDPAPAPAUdirent@@@Z 00418560 f   fltkd:filename_list.obj
 0001:00017580       ?filename_expand@@YAHPADPBD@Z 00418580 f   fltkd:filename_expand.obj
 0001:00017810       ?filename_absolute@@YAHPADPBD@Z 00418810 f   fltkd:filename_absolute.obj
 0001:00017a20       ?isdirsep@@YAHD@Z          00418a20 f i fltkd:filename_absolute.obj
 0001:00017a50       ?selection@Fl@@SAXAAVFl_Widget@@PBDH@Z 00418a50 f   fltkd:Fl_cutpaste.obj
 0001:00017c43       ?paste@Fl@@SAXAAVFl_Widget@@@Z 00418c43 f   fltkd:Fl_cutpaste.obj
 0001:00017d50       ?show@Fl_Menu_Window@@UAEXXZ 00418d50 f   fltkd:Fl_Menu_Window.obj
 0001:00017d63       ?flush@Fl_Menu_Window@@UAEXXZ 00418d63 f   fltkd:Fl_Menu_Window.obj
 0001:00017d76       ?erase@Fl_Menu_Window@@QAEXXZ 00418d76 f   fltkd:Fl_Menu_Window.obj
 0001:00017d81       ?hide@Fl_Menu_Window@@UAEXXZ 00418d81 f   fltkd:Fl_Menu_Window.obj
 0001:00017d9c       ??1Fl_Menu_Window@@UAE@XZ  00418d9c f   fltkd:Fl_Menu_Window.obj
 0001:00017df0       ?show@Fl_Single_Window@@UAEXXZ 00418df0 f   fltkd:Fl_Single_Window.obj
 0001:00017e03       ?flush@Fl_Single_Window@@UAEXXZ 00418e03 f   fltkd:Fl_Single_Window.obj
 0001:00017e20       ?grab@Fl@@SAXPAVFl_Window@@@Z 00418e20 f   fltkd:Fl_grab.obj
 0001:00017ea0       ?increment_cb@Fl_Scrollbar@@AAEXXZ 00418ea0 f   fltkd:Fl_Scrollbar.obj
 0001:00017fd2       ?timeout_cb@Fl_Scrollbar@@CAXPAX@Z 00418fd2 f   fltkd:Fl_Scrollbar.obj
 0001:00018003       ?handle@Fl_Scrollbar@@UAEHH@Z 00419003 f   fltkd:Fl_Scrollbar.obj
 0001:0001860a       ?draw@Fl_Scrollbar@@MAEXXZ 0041960a f   fltkd:Fl_Scrollbar.obj
 0001:00018ab7       ??0Fl_Scrollbar@@QAE@HHHHPBD@Z 00419ab7 f   fltkd:Fl_Scrollbar.obj
 0001:00018b60       ?labelcolor@Fl_Widget@@QBE?AW4Fl_Color@@XZ 00419b60 f i fltkd:Fl_Scrollbar.obj
 0001:00018b80       ??_EFl_Scrollbar@@UAEPAXI@Z 00419b80 f i fltkd:Fl_Scrollbar.obj
 0001:00018b80       ??_GFl_Scrollbar@@UAEPAXI@Z 00419b80 f i fltkd:Fl_Scrollbar.obj
 0001:00018b80       ??_GFl_Value_Slider@@UAEPAXI@Z 00419b80 f i fltkd:Fl_Value_Slider.obj
 0001:00018b80       ??_EFl_Value_Slider@@UAEPAXI@Z 00419b80 f i fltkd:Fl_Value_Slider.obj
 0001:00018bb0       ?slider_size@Fl_Slider@@QBEMXZ 00419bb0 f i fltkd:Fl_Scrollbar.obj
 0001:00018bd0       ?slider@Fl_Slider@@QAEXW4Fl_Boxtype@@@Z 00419bd0 f i fltkd:Fl_Scrollbar.obj
 0001:00018bf0       _scandir                   00419bf0 f   fltkd:scandir.obj
 0001:00018eed       _alphasort                 00419eed f   fltkd:scandir.obj
 0001:00018f10       _numericsort               00419f10 f   fltkd:numericsort.obj
 0001:00019230       _WinMain@16                0041a230 f   fltkd:fl_call_main.obj
 0001:000192f0       ?GetOption@@YAHHPAPADPAD0@Z 0041a2f0 f   getopt.obj
 0001:000193d0       ?getopt@@YAHHPAPADPAD@Z    0041a3d0 f   getopt.obj
 0001:00019410       ??0?$basic_string@DU?$char_traits@D@std@@V?$allocator@D@2@@std@@QAE@PBD@Z 0041a410 f i main.obj
 0001:00019470       ??3@YAXPAX0@Z              0041a470 f i main.obj
 0001:00019480       ??_G_System_error_category@std@@UAEPAXI@Z 0041a480 f i main.obj
 0001:00019480       ??_G_Iostream_error_category@std@@UAEPAXI@Z 0041a480 f i main.obj
 0001:00019480       ??_G_Generic_error_category@std@@UAEPAXI@Z 0041a480 f i main.obj
 0001:00019480       ??_E_Generic_error_category@std@@UAEPAXI@Z 0041a480 f i main.obj
 0001:00019480       ??_Gerror_category@std@@UAEPAXI@Z 0041a480 f i main.obj
 0001:00019480       ??_E_System_error_category@std@@UAEPAXI@Z 0041a480 f i main.obj
 0001:00019480       ??_Eerror_category@std@@UAEPAXI@Z 0041a480 f i main.obj
 0001:00019480       ??_E_Iostream_error_category@std@@UAEPAXI@Z 0041a480 f i main.obj
 0001:000194b0       ?_Copy@?$basic_string@DU?$char_traits@D@std@@V?$allocator@D@2@@std@@QAEXII@Z 0041a4b0 f i main.obj
 0001:00019600       ?_Eos@?$basic_string@DU?$char_traits@D@std@@V?$allocator@D@2@@std@@QAEXI@Z 0041a600 f i main.obj
 0001:00019630       ?_Grow@?$basic_string@DU?$char_traits@D@std@@V?$allocator@D@2@@std@@QAE_NI_N@Z 0041a630 f i main.obj
 0001:000196e0       ?allocate@?$_Wrap_alloc@V?$allocator@D@std@@@std@@QAEPADI@Z 0041a6e0 f i main.obj
 0001:00019710       ?assign@?$basic_string@DU?$char_traits@D@std@@V?$allocator@D@2@@std@@QAEAAV12@ABV12@II@Z 0041a710 f i main.obj
 0001:00019830       ?assign@?$basic_string@DU?$char_traits@D@std@@V?$allocator@D@2@@std@@QAEAAV12@PBDI@Z 0041a830 f i main.obj
 0001:00019930       ?default_error_condition@_System_error_category@std@@UBE?AVerror_condition@2@H@Z 0041a930 f i main.obj
 0001:00019970       ?default_error_condition@error_category@std@@UBE?AVerror_condition@2@H@Z 0041a970 f i main.obj
 0001:00019990       ?equivalent@error_category@std@@UBE_NABVerror_code@2@H@Z 0041a990 f i main.obj
 0001:000199b0       ?equivalent@error_category@std@@UBE_NHABVerror_condition@2@@Z 0041a9b0 f i main.obj
 0001:000199f0       ?erase@?$basic_string@DU?$char_traits@D@std@@V?$allocator@D@2@@std@@QAEAAV12@II@Z 0041a9f0 f i main.obj
 0001:00019a90       ?message@_Generic_error_category@std@@UBE?AV?$basic_string@DU?$char_traits@D@std@@V?$allocator@D@2@@2@H@Z 0041aa90 f i main.obj
 0001:00019b10       ?message@_Iostream_error_category@std@@UBE?AV?$basic_string@DU?$char_traits@D@std@@V?$allocator@D@2@@2@H@Z 0041ab10 f i main.obj
 0001:00019b60       ?message@_System_error_category@std@@UBE?AV?$basic_string@DU?$char_traits@D@std@@V?$allocator@D@2@@2@H@Z 0041ab60 f i main.obj
 0001:00019be0       ?name@_Generic_error_category@std@@UBEPBDXZ 0041abe0 f i main.obj
 0001:00019bf0       ?name@_Iostream_error_category@std@@UBEPBDXZ 0041abf0 f i main.obj
 0001:00019c00       ?name@_System_error_category@std@@UBEPBDXZ 0041ac00 f i main.obj
 0001:00019c10       ?processArgs@@YA_NHPAPAD@Z 0041ac10 f   main.obj
 0001:00019d00       _main                      0041ad00 f   main.obj
 0001:00019f30       ??0RayTracer@@QAE@XZ       0041af30 f   RayTracer.obj
 0001:00019f60       ??1ObjTypeMismatch@@QAE@XZ 0041af60 f i parse.obj
 0001:00019f60       ??1?$basic_string@DU?$char_traits@D@std@@V?$allocator@D@2@@std@@QAE@XZ 0041af60 f i main.obj
 0001:00019f60       ??1ParseError@@QAE@XZ      0041af60 f i RayTracer.obj
 0001:00019f90       ??1isect@@QAE@XZ           0041af90 f i RayTracer.obj
 0001:00019fa0       ?aspectRatio@RayTracer@@QAENXZ 0041afa0 f   RayTracer.obj
 0001:00019fe0       ?getBuffer@RayTracer@@QAEXAAPAEAAH1@Z 0041afe0 f   RayTracer.obj
 0001:0001a000       ?loadScene@RayTracer@@QAE_NPAD@Z 0041b000 f   RayTracer.obj
 0001:0001a150       ?sceneLoaded@RayTracer@@QAE_NXZ 0041b150 f   RayTracer.obj
 0001:0001a160       ?traceLines@RayTracer@@QAEXHH@Z 0041b160 f   RayTracer.obj
 0001:0001a300       ?tracePixel@RayTracer@@QAEXHH@Z 0041b300 f   RayTracer.obj
 0001:0001a450       ?traceRay@RayTracer@@QAE?AVvec3f@@PAVScene@@ABVray@@ABV2@H@Z 0041b450 f   RayTracer.obj
 0001:0001ab00       ?traceSetup@RayTracer@@QAEXHH@Z 0041bb00 f   RayTracer.obj
 0001:0001ab60       ??0TraceGLWindow@@QAE@HHHHPBD@Z 0041bb60 f   TraceGLWindow.obj
 0001:0001abe0       ??_ETraceGLWindow@@UAEPAXI@Z 0041bbe0 f i TraceGLWindow.obj
 0001:0001abe0       ??_EFl_Gl_Window@@UAEPAXI@Z 0041bbe0 f i TraceGLWindow.obj
 0001:0001abe0       ??_GFl_Gl_Window@@UAEPAXI@Z 0041bbe0 f i TraceGLWindow.obj
 0001:0001abe0       ??_GTraceGLWindow@@UAEPAXI@Z 0041bbe0 f i TraceGLWindow.obj
 0001:0001ac10       ?draw@TraceGLWindow@@UAEXXZ 0041bc10 f   TraceGLWindow.obj
 0001:0001ace0       ?h@Fl_Widget@@QBEHXZ       0041bce0 f i TraceGLWindow.obj
 0001:0001acf0       ?handle@TraceGLWindow@@UAEHH@Z 0041bcf0 f   TraceGLWindow.obj
 0001:0001ad00       ?refresh@TraceGLWindow@@QAEXXZ 0041bd00 f   TraceGLWindow.obj
 0001:0001ad10       ?resizeWindow@TraceGLWindow@@QAEXHH@Z 0041bd10 f   TraceGLWindow.obj
 0001:0001ad40       ?saveImage@TraceGLWindow@@QAEXPAD@Z 0041bd40 f   TraceGLWindow.obj
 0001:0001ad80       ?setRayTracer@TraceGLWindow@@QAEXPAVRayTracer@@@Z 0041bd80 f   TraceGLWindow.obj
 0001:0001ad90       ?w@Fl_Widget@@QBEHXZ       0041bd90 f i TraceGLWindow.obj
 0001:0001ada0       ?x@Fl_Widget@@QBEHXZ       0041bda0 f i TraceGLWindow.obj
 0001:0001adb0       ?y@Fl_Widget@@QBEHXZ       0041bdb0 f i TraceGLWindow.obj
 0001:0001adc0       ?cb_load_scene@TraceUI@@CAXPAVFl_Menu_@@PAX@Z 0041bdc0 f   TraceUI.obj
 0001:0001ae60       ?cb_save_image@TraceUI@@CAXPAVFl_Menu_@@PAX@Z 0041be60 f   TraceUI.obj
 0001:0001aea0       ?cb_exit@TraceUI@@CAXPAVFl_Menu_@@PAX@Z 0041bea0 f   TraceUI.obj
 0001:0001aed0       ?cb_about@TraceUI@@CAXPAVFl_Menu_@@PAX@Z 0041bed0 f   TraceUI.obj
 0001:0001aee0       ??0TraceUI@@QAE@XZ         0041bee0 f   TraceUI.obj
 0001:0001b220       ??_GFl_Menu_Bar@@UAEPAXI@Z 0041c220 f i TraceUI.obj
 0001:0001b220       ??_EFl_Menu_Bar@@UAEPAXI@Z 0041c220 f i TraceUI.obj
 0001:0001b250       ?align@Fl_Widget@@QAEXE@Z  0041c250 f i TraceUI.obj
 0001:0001b260       ?callback@Fl_Widget@@QAEXP6AXPAV1@PAX@Z@Z 0041c260 f i TraceUI.obj
 0001:0001b270       ?cb_depthSlides@TraceUI@@CAXPAVFl_Widget@@PAX@Z 0041c270 f   TraceUI.obj
 0001:0001b290       ?cb_exit2@TraceUI@@CAXPAVFl_Widget@@PAX@Z 0041c290 f   TraceUI.obj
 0001:0001b2c0       ?cb_render@TraceUI@@CAXPAVFl_Widget@@PAX@Z 0041c2c0 f   TraceUI.obj
 0001:0001b4d0       ?cb_sizeSlides@TraceUI@@CAXPAVFl_Widget@@PAX@Z 0041c4d0 f   TraceUI.obj
 0001:0001b520       ?cb_stop@TraceUI@@CAXPAVFl_Widget@@PAX@Z 0041c520 f   TraceUI.obj
 0001:0001b530       ?damage@Fl@@SAHXZ          0041c530 f i TraceUI.obj
 0001:0001b540       ?end@Fl_Group@@QAEXXZ      0041c540 f i TraceUI.obj
 0001:0001b550       ?label@Fl_Window@@QBEPBDXZ 0041c550 f i TraceUI.obj
 0001:0001b550       ?label@Fl_Widget@@QBEPBDXZ 0041c550 f i TraceUI.obj
 0001:0001b560       ?labelfont@Fl_Widget@@QAEXE@Z 0041c560 f i TraceUI.obj
 0001:0001b570       ?labelsize@Fl_Widget@@QAEXE@Z 0041c570 f i TraceUI.obj
 0001:0001b580       ?parent@Fl_Widget@@QBEPAV1@XZ 0041c580 f i TraceUI.obj
 0001:0001b590       ?resizable@Fl_Group@@QAEXPAVFl_Widget@@@Z 0041c590 f i TraceUI.obj
 0001:0001b5a0       ?setRayTracer@TraceUI@@QAEXPAVRayTracer@@@Z 0041c5a0 f   TraceUI.obj
 0001:0001b5c0       ?show@TraceUI@@QAEXXZ      0041c5c0 f   TraceUI.obj
 0001:0001b5d0       ?step@Fl_Valuator@@QAEXH@Z 0041c5d0 f i TraceUI.obj
 0001:0001b5f0       ?type@Fl_Widget@@QAEXE@Z   0041c5f0 f i TraceUI.obj
 0001:0001b600       ?user_data@Fl_Widget@@QAEXPAX@Z 0041c600 f i TraceUI.obj
 0001:0001b610       ?value@Fl_Valuator@@QBENXZ 0041c610 f i TraceUI.obj
 0001:0001b620       ?when@Fl_Widget@@QAEXE@Z   0041c620 f i TraceUI.obj
 0001:0001b630       ?writeBMP@@YAXPADHHPAE@Z   0041c630 f   bitmap.obj
 0001:0001b7c0       ??$?6DU?$char_traits@D@std@@V?$allocator@D@1@@std@@YAAAV?$basic_ostream@DU?$char_traits@D@std@@@0@AAV10@ABV?$basic_string@DU?$char_traits@D@std@@V?$allocator@D@2@@0@@Z 0041c7c0 f i parse.obj
 0001:0001b9b0       ??$?6U?$char_traits@D@std@@@std@@YAAAV?$basic_ostream@DU?$char_traits@D@std@@@0@AAV10@D@Z 0041c9b0 f i parse.obj
 0001:0001bbb0       ??$?6U?$char_traits@D@std@@@std@@YAAAV?$basic_ostream@DU?$char_traits@D@std@@@0@AAV10@PBD@Z 0041cbb0 f i parse.obj
 0001:0001bde0       ??$?8DU?$char_traits@D@std@@V?$allocator@D@1@@std@@YA_NABV?$basic_string@DU?$char_traits@D@std@@V?$allocator@D@2@@0@PBD@Z 0041cde0 f i parse.obj
 0001:0001be20       ??$?HDU?$char_traits@D@std@@V?$allocator@D@1@@std@@YA?AV?$basic_string@DU?$char_traits@D@std@@V?$allocator@D@2@@0@$$QAV10@0@Z 0041ce20 f i parse.obj
 0001:0001be90       ??$?HDU?$char_traits@D@std@@V?$allocator@D@1@@std@@YA?AV?$basic_string@DU?$char_traits@D@std@@V?$allocator@D@2@@0@$$QAV10@ABV10@@Z 0041ce90 f i parse.obj
 0001:0001bf10       ??$_Buynode@AAU?$pair@$$CBV?$basic_string@DU?$char_traits@D@std@@V?$allocator@D@2@@std@@PAVObj@@@std@@@?$_Tree_buy@U?$pair@$$CBV?$basic_string@DU?$char_traits@D@std@@V?$allocator@D@2@@std@@PAVObj@@@std@@V?$allocator@U?$pair@$$CBV?$basic_string@DU?$char_traits@D@std@@V?$allocator@D@2@@std@@PAVObj@@@std@@@2@@std@@QAEPAU?$_Tree_node@U?$pair@$$CBV?$basic_string@DU?$char_traits@D@std@@V?$allocator@D@2@@std@@PAVObj@@@std@@PAX@1@AAU?$pair@$$CBV?$basic_string@DU?$char_traits@D@std@@V?$allocator@D@2@@std@@PAVObj@@@1@@Z 0041cf10 f i parse.obj
 0001:0001bfc0       ??$_Copy@U?$integral_constant@_N$0A@@std@@@?$_Tree@V?$_Tmap_traits@V?$basic_string@DU?$char_traits@D@std@@V?$allocator@D@2@@std@@PAVObj@@U?$less@V?$basic_string@DU?$char_traits@D@std@@V?$allocator@D@2@@std@@@2@V?$allocator@U?$pair@$$CBV?$basic_string@DU?$char_traits@D@std@@V?$allocator@D@2@@std@@PAVObj@@@std@@@2@$0A@@std@@@std@@IAEXABV01@U?$integral_constant@_N$0A@@1@@Z 0041cfc0 f i parse.obj
 0001:0001c040       ??$_Copy_nodes@U?$integral_constant@_N$0A@@std@@@?$_Tree@V?$_Tmap_traits@V?$basic_string@DU?$char_traits@D@std@@V?$allocator@D@2@@std@@PAVObj@@U?$less@V?$basic_string@DU?$char_traits@D@std@@V?$allocator@D@2@@std@@@2@V?$allocator@U?$pair@$$CBV?$basic_string@DU?$char_traits@D@std@@V?$allocator@D@2@@std@@PAVObj@@@std@@@2@$0A@@std@@@std@@IAEPAU?$_Tree_node@U?$pair@$$CBV?$basic_string@DU?$char_traits@D@std@@V?$allocator@D@2@@std@@PAVObj@@@std@@PAX@1@PAU21@0U?$integral_constant@_N$0A@@1@@Z 0041d040 f i parse.obj
 0001:0001c100       ??$_Insert_at@AAU?$pair@$$CBV?$basic_string@DU?$char_traits@D@std@@V?$allocator@D@2@@std@@PAVObj@@@std@@PAU?$_Tree_node@U?$pair@$$CBV?$basic_string@DU?$char_traits@D@std@@V?$allocator@D@2@@std@@PAVObj@@@std@@PAX@2@@?$_Tree@V?$_Tmap_traits@V?$basic_string@DU?$char_traits@D@std@@V?$allocator@D@2@@std@@PAVObj@@U?$less@V?$basic_string@DU?$char_traits@D@std@@V?$allocator@D@2@@std@@@2@V?$allocator@U?$pair@$$CBV?$basic_string@DU?$char_traits@D@std@@V?$allocator@D@2@@std@@PAVObj@@@std@@@2@$0A@@std@@@std@@IAE?AV?$_Tree_iterator@V?$_Tree_val@U?$_Tree_simple_types@U?$pair@$$CBV?$basic_string@DU?$char_traits@D@std@@V?$allocator@D@2@@std@@PAVObj@@@std@@@std@@@std@@@1@_NPAU?$_Tree_node@U?$pair@$$CBV?$basic_string@DU?$char_traits@D@std@@V?$allocator@D@2@@std@@PAVObj@@@std@@PAX@1@AAU?$pair@$$CBV?$basic_string@DU?$char_traits@D@std@@V?$allocator@D@2@@std@@PAVObj@@@1@1@Z 0041d100 f i parse.obj
 0001:0001c100       ??$_Insert_at@AAU?$pair@$$CBV?$basic_string@DU?$char_traits@D@std@@V?$allocator@D@2@@std@@PAVMaterial@@@std@@PAU?$_Tree_node@U?$pair@$$CBV?$basic_string@DU?$char_traits@D@std@@V?$allocator@D@2@@std@@PAVMaterial@@@std@@PAX@2@@?$_Tree@V?$_Tmap_traits@V?$basic_string@DU?$char_traits@D@std@@V?$allocator@D@2@@std@@PAVMaterial@@U?$less@V?$basic_string@DU?$char_traits@D@std@@V?$allocator@D@2@@std@@@2@V?$allocator@U?$pair@$$CBV?$basic_string@DU?$char_traits@D@std@@V?$allocator@D@2@@std@@PAVMaterial@@@std@@@2@$0A@@std@@@std@@IAE?AV?$_Tree_iterator@V?$_Tree_val@U?$_Tree_simple_types@U?$pair@$$CBV?$basic_string@DU?$char_traits@D@std@@V?$allocator@D@2@@std@@PAVMaterial@@@std@@@std@@@std@@@1@_NPAU?$_Tree_node@U?$pair@$$CBV?$basic_string@DU?$char_traits@D@std@@V?$allocator@D@2@@std@@PAVMaterial@@@std@@PAX@1@AAU?$pair@$$CBV?$basic_string@DU?$char_traits@D@std@@V?$allocator@D@2@@std@@PAVMaterial@@@1@1@Z 0041d100 f i read.obj
 0001:0001c330       ??$_Insert_nohint@AAU?$pair@$$CBV?$basic_string@DU?$char_traits@D@std@@V?$allocator@D@2@@std@@PAVObj@@@std@@PAU?$_Tree_node@U?$pair@$$CBV?$basic_string@DU?$char_traits@D@std@@V?$allocator@D@2@@std@@PAVObj@@@std@@PAX@2@@?$_Tree@V?$_Tmap_traits@V?$basic_string@DU?$char_traits@D@std@@V?$allocator@D@2@@std@@PAVObj@@U?$less@V?$basic_string@DU?$char_traits@D@std@@V?$allocator@D@2@@std@@@2@V?$allocator@U?$pair@$$CBV?$basic_string@DU?$char_traits@D@std@@V?$allocator@D@2@@std@@PAVObj@@@std@@@2@$0A@@std@@@std@@IAE?AU?$pair@V?$_Tree_iterator@V?$_Tree_val@U?$_Tree_simple_types@U?$pair@$$CBV?$basic_string@DU?$char_traits@D@std@@V?$allocator@D@2@@std@@PAVObj@@@std@@@std@@@std@@@std@@_N@1@_NAAU?$pair@$$CBV?$basic_string@DU?$char_traits@D@std@@V?$allocator@D@2@@std@@PAVObj@@@1@PAU?$_Tree_node@U?$pair@$$CBV?$basic_string@DU?$char_traits@D@std@@V?$allocator@D@2@@std@@PAVObj@@@std@@PAX@1@@Z 0041d330 f i parse.obj
 0001:0001c330       ??$_Insert_nohint@AAU?$pair@$$CBV?$basic_string@DU?$char_traits@D@std@@V?$allocator@D@2@@std@@PAVMaterial@@@std@@PAU?$_Tree_node@U?$pair@$$CBV?$basic_string@DU?$char_traits@D@std@@V?$allocator@D@2@@std@@PAVMaterial@@@std@@PAX@2@@?$_Tree@V?$_Tmap_traits@V?$basic_string@DU?$char_traits@D@std@@V?$allocator@D@2@@std@@PAVMaterial@@U?$less@V?$basic_string@DU?$char_traits@D@std@@V?$allocator@D@2@@std@@@2@V?$allocator@U?$pair@$$CBV?$basic_string@DU?$char_traits@D@std@@V?$allocator@D@2@@std@@PAVMaterial@@@std@@@2@$0A@@std@@@std@@IAE?AU?$pair@V?$_Tree_iterator@V?$_Tree_val@U?$_Tree_simple_types@U?$pair@$$CBV?$basic_string@DU?$char_traits@D@std@@V?$allocator@D@2@@std@@PAVMaterial@@@std@@@std@@@std@@@std@@_N@1@_NAAU?$pair@$$CBV?$basic_string@DU?$char_traits@D@std@@V?$allocator@D@2@@std@@PAVMaterial@@@1@PAU?$_Tree_node@U?$pair@$$CBV?$basic_string@DU?$char_traits@D@std@@V?$allocator@D@2@@std@@PAVMaterial@@@std@@PAX@1@@Z 0041d330 f i read.obj
 0001:0001c5c0       ??0?$_Tree@V?$_Tmap_traits@V?$basic_string@DU?$char_traits@D@std@@V?$allocator@D@2@@std@@PAVObj@@U?$less@V?$basic_string@DU?$char_traits@D@std@@V?$allocator@D@2@@std@@@2@V?$allocator@U?$pair@$$CBV?$basic_string@DU?$char_traits@D@std@@V?$allocator@D@2@@std@@PAVObj@@@std@@@2@$0A@@std@@@std@@QAE@ABV01@ABV?$allocator@U?$pair@$$CBV?$basic_string@DU?$char_traits@D@std@@V?$allocator@D@2@@std@@PAVObj@@@std@@@1@@Z 0041d5c0 f i parse.obj
 0001:0001c660       ??0?$basic_string@DU?$char_traits@D@std@@V?$allocator@D@2@@std@@QAE@$$QAV01@@Z 0041d660 f i parse.obj
 0001:0001c6d0       ??0?$vector@PAVObj@@V?$allocator@PAVObj@@@std@@@std@@QAE@ABV01@@Z 0041d6d0 f i parse.obj
 0001:0001c730       ??0IdObj@@QAE@ABV?$basic_string@DU?$char_traits@D@std@@V?$allocator@D@2@@std@@@Z 0041d730 f i parse.obj
 0001:0001c7a0       ??0NamedObj@@QAE@ABV?$basic_string@DU?$char_traits@D@std@@V?$allocator@D@2@@std@@PAVObj@@@Z 0041d7a0 f i parse.obj
 0001:0001c810       ??0ObjTypeMismatch@@QAE@V?$basic_string@DU?$char_traits@D@std@@V?$allocator@D@2@@std@@0@Z 0041d810 f i parse.obj
 0001:0001ca90       ??0ParseError@@QAE@ABV0@@Z 0041da90 f i parse.obj
 0001:0001ca90       ??0?$basic_string@DU?$char_traits@D@std@@V?$allocator@D@2@@std@@QAE@ABV01@@Z 0041da90 f i parse.obj
 0001:0001ca90       ??0Exception@@QAE@ABV0@@Z  0041da90 f i parse.obj
 0001:0001ca90       ??0ParseError@@QAE@ABV?$basic_string@DU?$char_traits@D@std@@V?$allocator@D@2@@std@@@Z 0041da90 f i parse.obj
 0001:0001ca90       ??0ObjTypeMismatch@@QAE@ABV0@@Z 0041da90 f i parse.obj
 0001:0001cac0       ??1?$_Tree_comp@$0A@V?$_Tmap_traits@V?$basic_string@DU?$char_traits@D@std@@V?$allocator@D@2@@std@@PAVObj@@U?$less@V?$basic_string@DU?$char_traits@D@std@@V?$allocator@D@2@@std@@@2@V?$allocator@U?$pair@$$CBV?$basic_string@DU?$char_traits@D@std@@V?$allocator@D@2@@std@@PAVObj@@@std@@@2@$0A@@std@@@std@@QAE@XZ 0041dac0 f i parse.obj
 0001:0001cad0       ??1DictObj@@UAE@XZ         0041dad0 f i parse.obj
 0001:0001cbb0       ??1Obj@@UAE@XZ             0041dbb0 f i parse.obj
 0001:0001cbc0       ??1TupleObj@@UAE@XZ        0041dbc0 f i parse.obj
 0001:0001cc50       ??1_Sentry_base@?$basic_ostream@DU?$char_traits@D@std@@@std@@QAE@XZ 0041dc50 f i parse.obj
 0001:0001cc70       ??1sentry@?$basic_ostream@DU?$char_traits@D@std@@@std@@QAE@XZ 0041dc70 f i parse.obj
 0001:0001cca0       ??4?$basic_string@DU?$char_traits@D@std@@V?$allocator@D@2@@std@@QAEAAV01@$$QAV01@@Z 0041dca0 f i parse.obj
 0001:0001cce0       ??R?$less@V?$basic_string@DU?$char_traits@D@std@@V?$allocator@D@2@@std@@@std@@QBE_NABV?$basic_string@DU?$char_traits@D@std@@V?$allocator@D@2@@1@0@Z 0041dce0 f i parse.obj
 0001:0001cd10       ??_EDictObj@@UAEPAXI@Z     0041dd10 f i parse.obj
 0001:0001cd10       ??_GDictObj@@UAEPAXI@Z     0041dd10 f i parse.obj
 0001:0001cd40       ??_GIdObj@@UAEPAXI@Z       0041dd40 f i parse.obj
 0001:0001cd40       ??_EIdObj@@UAEPAXI@Z       0041dd40 f i parse.obj
 0001:0001cd90       ??_ENamedObj@@UAEPAXI@Z    0041dd90 f i parse.obj
 0001:0001cd90       ??_GNamedObj@@UAEPAXI@Z    0041dd90 f i parse.obj
 0001:0001ce20       ??_EBooleanObj@@UAEPAXI@Z  0041de20 f i parse.obj
 0001:0001ce20       ??_GBooleanObj@@UAEPAXI@Z  0041de20 f i parse.obj
 0001:0001ce20       ??_GObj@@UAEPAXI@Z         0041de20 f i parse.obj
 0001:0001ce20       ??_GScalarObj@@UAEPAXI@Z   0041de20 f i parse.obj
 0001:0001ce20       ??_EObj@@UAEPAXI@Z         0041de20 f i parse.obj
 0001:0001ce20       ??_EScalarObj@@UAEPAXI@Z   0041de20 f i parse.obj
 0001:0001ce50       ??_GStringObj@@UAEPAXI@Z   0041de50 f i parse.obj
 0001:0001ce50       ??_EStringObj@@UAEPAXI@Z   0041de50 f i parse.obj
 0001:0001cea0       ??_ETupleObj@@UAEPAXI@Z    0041dea0 f i parse.obj
 0001:0001cea0       ??_GTupleObj@@UAEPAXI@Z    0041dea0 f i parse.obj
 0001:0001ced0       ?_Assign_rv@?$basic_string@DU?$char_traits@D@std@@V?$allocator@D@2@@std@@QAEX$$QAV12@@Z 0041ded0 f i parse.obj
 0001:0001cf30       ?_Buy@?$vector@PAVObj@@V?$allocator@PAVObj@@@std@@@std@@IAE_NI@Z 0041df30 f i parse.obj
 0001:0001cfa0       ?_Chassign@?$basic_string@DU?$char_traits@D@std@@V?$allocator@D@2@@std@@QAEXIID@Z 0041dfa0 f i parse.obj
 0001:0001cff0       ?_Destroy_if_not_nil@?$_Tree@V?$_Tmap_traits@V?$basic_string@DU?$char_traits@D@std@@V?$allocator@D@2@@std@@PAVMaterial@@U?$less@V?$basic_string@DU?$char_traits@D@std@@V?$allocator@D@2@@std@@@2@V?$allocator@U?$pair@$$CBV?$basic_string@DU?$char_traits@D@std@@V?$allocator@D@2@@std@@PAVMaterial@@@std@@@2@$0A@@std@@@std@@IAEXPAU?$_Tree_node@U?$pair@$$CBV?$basic_string@DU?$char_traits@D@std@@V?$allocator@D@2@@std@@PAVMaterial@@@std@@PAX@2@@Z 0041dff0 f i read.obj
 0001:0001cff0       ?_Destroy_if_not_nil@?$_Tree@V?$_Tmap_traits@V?$basic_string@DU?$char_traits@D@std@@V?$allocator@D@2@@std@@PAVObj@@U?$less@V?$basic_string@DU?$char_traits@D@std@@V?$allocator@D@2@@std@@@2@V?$allocator@U?$pair@$$CBV?$basic_string@DU?$char_traits@D@std@@V?$allocator@D@2@@std@@PAVObj@@@std@@@2@$0A@@std@@@std@@IAEXPAU?$_Tree_node@U?$pair@$$CBV?$basic_string@DU?$char_traits@D@std@@V?$allocator@D@2@@std@@PAVObj@@@std@@PAX@2@@Z 0041dff0 f i parse.obj
 0001:0001d030       ?_Reallocate@?$vector@PAVObj@@V?$allocator@PAVObj@@@std@@@std@@IAEXI@Z 0041e030 f i parse.obj
 0001:0001d030       ?_Reallocate@?$vector@PAVTrimeshFace@@V?$allocator@PAVTrimeshFace@@@std@@@std@@IAEXI@Z 0041e030 f i trimesh.obj
 0001:0001d030       ?_Reallocate@?$vector@PAVMaterial@@V?$allocator@PAVMaterial@@@std@@@std@@IAEXI@Z 0041e030 f i trimesh.obj
 0001:0001d0b0       ?_Reserve@?$vector@PAVTrimeshFace@@V?$allocator@PAVTrimeshFace@@@std@@@std@@IAEXI@Z 0041e0b0 f i trimesh.obj
 0001:0001d0b0       ?_Reserve@?$vector@PAVObj@@V?$allocator@PAVObj@@@std@@@std@@IAEXI@Z 0041e0b0 f i parse.obj
 0001:0001d0b0       ?_Reserve@?$vector@PAVMaterial@@V?$allocator@PAVMaterial@@@std@@@std@@IAEXI@Z 0041e0b0 f i trimesh.obj
 0001:0001d130       ?append@?$basic_string@DU?$char_traits@D@std@@V?$allocator@D@2@@std@@QAEAAV12@ABV12@II@Z 0041e130 f i parse.obj
 0001:0001d1f0       ?append@?$basic_string@DU?$char_traits@D@std@@V?$allocator@D@2@@std@@QAEAAV12@ID@Z 0041e1f0 f i parse.obj
 0001:0001d2a0       ?compare@?$basic_string@DU?$char_traits@D@std@@V?$allocator@D@2@@std@@QBEHIIPBDI@Z 0041e2a0 f i parse.obj
 0001:0001d310       ?compare@?$char_traits@D@std@@SAHPBD0I@Z 0041e310 f i parse.obj
 0001:0001d5c0       ?erase@?$_Tree@V?$_Tmap_traits@V?$basic_string@DU?$char_traits@D@std@@V?$allocator@D@2@@std@@PAVMaterial@@U?$less@V?$basic_string@DU?$char_traits@D@std@@V?$allocator@D@2@@std@@@2@V?$allocator@U?$pair@$$CBV?$basic_string@DU?$char_traits@D@std@@V?$allocator@D@2@@std@@PAVMaterial@@@std@@@2@$0A@@std@@@std@@QAE?AV?$_Tree_iterator@V?$_Tree_val@U?$_Tree_simple_types@U?$pair@$$CBV?$basic_string@DU?$char_traits@D@std@@V?$allocator@D@2@@std@@PAVMaterial@@@std@@@std@@@std@@@2@V?$_Tree_const_iterator@V?$_Tree_val@U?$_Tree_simple_types@U?$pair@$$CBV?$basic_string@DU?$char_traits@D@std@@V?$allocator@D@2@@std@@PAVMaterial@@@std@@@std@@@std@@@2@@Z 0041e5c0 f i read.obj
 0001:0001d5c0       ?erase@?$_Tree@V?$_Tmap_traits@V?$basic_string@DU?$char_traits@D@std@@V?$allocator@D@2@@std@@PAVObj@@U?$less@V?$basic_string@DU?$char_traits@D@std@@V?$allocator@D@2@@std@@@2@V?$allocator@U?$pair@$$CBV?$basic_string@DU?$char_traits@D@std@@V?$allocator@D@2@@std@@PAVObj@@@std@@@2@$0A@@std@@@std@@QAE?AV?$_Tree_iterator@V?$_Tree_val@U?$_Tree_simple_types@U?$pair@$$CBV?$basic_string@DU?$char_traits@D@std@@V?$allocator@D@2@@std@@PAVObj@@@std@@@std@@@std@@@2@V?$_Tree_const_iterator@V?$_Tree_val@U?$_Tree_simple_types@U?$pair@$$CBV?$basic_string@DU?$char_traits@D@std@@V?$allocator@D@2@@std@@PAVObj@@@std@@@std@@@std@@@2@@Z 0041e5c0 f i parse.obj
 0001:0001d870       ?getBoolean@BooleanObj@@UBE_NXZ 0041e870 f i parse.obj
 0001:0001d880       ?getBoolean@Obj@@UBE_NXZ   0041e880 f i parse.obj
 0001:0001d930       ?getChild@NamedObj@@UBEPAVObj@@XZ 0041e930 f i parse.obj
 0001:0001d940       ?getName@Obj@@UBE?AV?$basic_string@DU?$char_traits@D@std@@V?$allocator@D@2@@std@@XZ 0041e940 f i parse.obj
 0001:0001d940       ?getChild@Obj@@UBEPAV1@XZ  0041e940 f i parse.obj
 0001:0001d9f0       ?getDict@Obj@@UBEABV?$map@V?$basic_string@DU?$char_traits@D@std@@V?$allocator@D@2@@std@@PAVObj@@U?$less@V?$basic_string@DU?$char_traits@D@std@@V?$allocator@D@2@@std@@@2@V?$allocator@U?$pair@$$CBV?$basic_string@DU?$char_traits@D@std@@V?$allocator@D@2@@std@@PAVObj@@@std@@@2@@std@@XZ 0041e9f0 f i parse.obj
 0001:0001daa0       ?getID@Obj@@UBE?AV?$basic_string@DU?$char_traits@D@std@@V?$allocator@D@2@@std@@XZ 0041eaa0 f i parse.obj
 0001:0001db50       ?getScalar@Obj@@UBENXZ     0041eb50 f i parse.obj
 0001:0001dc00       ?getScalar@ScalarObj@@UBENXZ 0041ec00 f i parse.obj
 0001:0001dc10       ?getString@Obj@@UBE?AV?$basic_string@DU?$char_traits@D@std@@V?$allocator@D@2@@std@@XZ 0041ec10 f i parse.obj
 0001:0001dcc0       ?getString@StringObj@@UBE?AV?$basic_string@DU?$char_traits@D@std@@V?$allocator@D@2@@std@@XZ 0041ecc0 f i parse.obj
 0001:0001dcc0       ?getName@NamedObj@@UBE?AV?$basic_string@DU?$char_traits@D@std@@V?$allocator@D@2@@std@@XZ 0041ecc0 f i parse.obj
 0001:0001dcc0       ?getID@IdObj@@UBE?AV?$basic_string@DU?$char_traits@D@std@@V?$allocator@D@2@@std@@XZ 0041ecc0 f i parse.obj
 0001:0001dd00       ?getTuple@Obj@@UBEABV?$vector@PAVObj@@V?$allocator@PAVObj@@@std@@@std@@XZ 0041ed00 f i parse.obj
 0001:0001ddb0       ?getTuple@TupleObj@@UBEABV?$vector@PAVObj@@V?$allocator@PAVObj@@@std@@@std@@XZ 0041edb0 f i parse.obj
 0001:0001ddb0       ?getDict@DictObj@@UBEABV?$map@V?$basic_string@DU?$char_traits@D@std@@V?$allocator@D@2@@std@@PAVObj@@U?$less@V?$basic_string@DU?$char_traits@D@std@@V?$allocator@D@2@@std@@@2@V?$allocator@U?$pair@$$CBV?$basic_string@DU?$char_traits@D@std@@V?$allocator@D@2@@std@@PAVObj@@@std@@@2@@std@@XZ 0041edb0 f i parse.obj
 0001:0001ddc0       ?getTypeName@BooleanObj@@UBE?AV?$basic_string@DU?$char_traits@D@std@@V?$allocator@D@2@@std@@XZ 0041edc0 f i parse.obj
 0001:0001de00       ?getTypeName@DictObj@@UBE?AV?$basic_string@DU?$char_traits@D@std@@V?$allocator@D@2@@std@@XZ 0041ee00 f i parse.obj
 0001:0001de40       ?getTypeName@IdObj@@UBE?AV?$basic_string@DU?$char_traits@D@std@@V?$allocator@D@2@@std@@XZ 0041ee40 f i parse.obj
 0001:0001de80       ?getTypeName@NamedObj@@UBE?AV?$basic_string@DU?$char_traits@D@std@@V?$allocator@D@2@@std@@XZ 0041ee80 f i parse.obj
 0001:0001dec0       ?getTypeName@Obj@@UBE?AV?$basic_string@DU?$char_traits@D@std@@V?$allocator@D@2@@std@@XZ 0041eec0 f i parse.obj
 0001:0001df00       ?getTypeName@ScalarObj@@UBE?AV?$basic_string@DU?$char_traits@D@std@@V?$allocator@D@2@@std@@XZ 0041ef00 f i parse.obj
 0001:0001df40       ?getTypeName@StringObj@@UBE?AV?$basic_string@DU?$char_traits@D@std@@V?$allocator@D@2@@std@@XZ 0041ef40 f i parse.obj
 0001:0001df80       ?getTypeName@TupleObj@@UBE?AV?$basic_string@DU?$char_traits@D@std@@V?$allocator@D@2@@std@@XZ 0041ef80 f i parse.obj
 0001:0001dfc0       ?insert@?$basic_string@DU?$char_traits@D@std@@V?$allocator@D@2@@std@@QAEAAV12@IABV12@II@Z 0041efc0 f i parse.obj
 0001:0001e0f0       ?printOn@BooleanObj@@UBEXAAV?$basic_ostream@DU?$char_traits@D@std@@@std@@@Z 0041f0f0 f i parse.obj
 0001:0001e120       ?printOn@DictObj@@UBEXAAV?$basic_ostream@DU?$char_traits@D@std@@@std@@@Z 0041f120 f i parse.obj
 0001:0001e1f0       ?printOn@IdObj@@UBEXAAV?$basic_ostream@DU?$char_traits@D@std@@@std@@@Z 0041f1f0 f i parse.obj
 0001:0001e210       ?printOn@NamedObj@@UBEXAAV?$basic_ostream@DU?$char_traits@D@std@@@std@@@Z 0041f210 f i parse.obj
 0001:0001e240       ?printOn@Obj@@UBEXAAV?$basic_ostream@DU?$char_traits@D@std@@@std@@@Z 0041f240 f i parse.obj
 0001:0001e250       ?printOn@ScalarObj@@UBEXAAV?$basic_ostream@DU?$char_traits@D@std@@@std@@@Z 0041f250 f i parse.obj
 0001:0001e270       ?printOn@StringObj@@UBEXAAV?$basic_ostream@DU?$char_traits@D@std@@@std@@@Z 0041f270 f i parse.obj
[...]
 0003:0000015c       $SG28550                   0043515c     fltkd:Fl_Gl_Window.obj
 0003:0000016c       $SG28553                   0043516c     fltkd:Fl_Gl_Window.obj
 0003:00000174       $SG28556                   00435174     fltkd:Fl_Gl_Window.obj
 0003:00000184       $SG2343                    00435184     fltkd:Fl_Valuator.obj
 0003:00000188       $SG2350                    00435188     fltkd:Fl_Valuator.obj
 0003:00000190       _current_callback          00435190     fltkd:fl_file_chooser.obj
 0003:00000194       $SG4022                    00435194     fltkd:fl_file_chooser.obj
 0003:000001a0       $SG4024                    004351a0     fltkd:fl_file_chooser.obj
 0003:000001a4       $SG4027                    004351a4     fltkd:fl_file_chooser.obj
 0003:000001b8       $SG4031                    004351b8     fltkd:fl_file_chooser.obj
 0003:000001c8       $SG4064                    004351c8     fltkd:fl_file_chooser.obj
 0003:000001dc       $SG4071                    004351dc     fltkd:fl_file_chooser.obj
 0003:000001f0       $SG4207                    004351f0     fltkd:fl_file_chooser.obj
 0003:000001f4       $SG4212                    004351f4     fltkd:fl_file_chooser.obj
 0003:00000208       $SG4217                    00435208     fltkd:fl_file_chooser.obj
 0003:00000210       $SG4219                    00435210     fltkd:fl_file_chooser.obj
 0003:00000214       $SG4224                    00435214     fltkd:fl_file_chooser.obj
 0003:0000021c       $SG4226                    0043521c     fltkd:fl_file_chooser.obj
 0003:00000220       $SG4231                    00435220     fltkd:fl_file_chooser.obj
 0003:00000230       $SG4247                    00435230     fltkd:fl_file_chooser.obj
 0003:0000023c       $SG4249                    0043523c     fltkd:fl_file_chooser.obj
 0003:00000240       $SG4254                    00435240     fltkd:fl_file_chooser.obj
 0003:00000250       $SG4256                    00435250     fltkd:fl_file_chooser.obj
 0003:00000254       $SG4261                    00435254     fltkd:fl_file_chooser.obj
 0003:00000264       $SG4263                    00435264     fltkd:fl_file_chooser.obj
 0003:00000268       $SG4136                    00435268     fltkd:fl_file_chooser.obj
 0003:0000026c       $SG4145                    0043526c     fltkd:fl_file_chooser.obj
 0003:00000270       $SG4297                    00435270     fltkd:fl_file_chooser.obj
 0003:00000284       $SG28044                   00435284     fltkd:Fl_x.obj
 0003:0000028c       $SG27899                   0043528c     fltkd:Fl_x.obj
 0003:0000029c       $SG970                     0043529c     fltkd:Fl_compose.obj
 0003:00000360       $SG931                     00435360     fltkd:vsnprintf.obj
 0003:00000368       $SG2365                    00435368     fltkd:Fl_Input.obj
 0003:00000370       $SG2394                    00435370     fltkd:Fl_Input.obj
 0003:00000374       $SG3298                    00435374     fltkd:Fl_Input_.obj
 0003:00000380       _table                     00435380     fltkd:fl_shortcut.obj
 0003:00000470       $SG2303                    00435470     fltkd:fl_shortcut.obj
 0003:0000047c       $SG2304                    0043547c     fltkd:fl_shortcut.obj
 0003:00000480       $SG2305                    00435480     fltkd:fl_shortcut.obj
 0003:00000488       $SG2306                    00435488     fltkd:fl_shortcut.obj
 0003:00000490       $SG2307                    00435490     fltkd:fl_shortcut.obj
 0003:00000498       $SG2308                    00435498     fltkd:fl_shortcut.obj
 0003:000004a4       $SG2309                    004354a4     fltkd:fl_shortcut.obj
 0003:000004ac       $SG2310                    004354ac     fltkd:fl_shortcut.obj
 0003:000004b4       $SG2311                    004354b4     fltkd:fl_shortcut.obj
 0003:000004bc       $SG2312                    004354bc     fltkd:fl_shortcut.obj
 0003:000004c0       $SG2313                    004354c0     fltkd:fl_shortcut.obj
 0003:000004c8       $SG2314                    004354c8     fltkd:fl_shortcut.obj
 0003:000004d0       $SG2315                    004354d0     fltkd:fl_shortcut.obj
 0003:000004d8       $SG2316                    004354d8     fltkd:fl_shortcut.obj
 0003:000004e4       $SG2317                    004354e4     fltkd:fl_shortcut.obj
 0003:000004e8       $SG2318                    004354e8     fltkd:fl_shortcut.obj
 0003:000004f0       $SG2319                    004354f0     fltkd:fl_shortcut.obj
 0003:000004f8       $SG2320                    004354f8     fltkd:fl_shortcut.obj
 0003:00000500       $SG2321                    00435500     fltkd:fl_shortcut.obj
 0003:0000050c       $SG2322                    0043550c     fltkd:fl_shortcut.obj
 0003:00000518       $SG2323                    00435518     fltkd:fl_shortcut.obj
 0003:00000520       $SG2324                    00435520     fltkd:fl_shortcut.obj
 0003:00000528       $SG2325                    00435528     fltkd:fl_shortcut.obj
 0003:00000534       $SG2326                    00435534     fltkd:fl_shortcut.obj
 0003:00000540       $SG2327                    00435540     fltkd:fl_shortcut.obj
 0003:0000054c       $SG2328                    0043554c     fltkd:fl_shortcut.obj
 0003:00000554       $SG2329                    00435554     fltkd:fl_shortcut.obj
 0003:0000055c       $SG2330                    0043555c     fltkd:fl_shortcut.obj
 0003:00000564       $SG2331                    00435564     fltkd:fl_shortcut.obj
 0003:0000056c       $SG2332                    0043556c     fltkd:fl_shortcut.obj
 0003:00000574       $SG2341                    00435574     fltkd:fl_shortcut.obj
 0003:0000057c       $SG2343                    0043557c     fltkd:fl_shortcut.obj
 0003:00000584       $SG2345                    00435584     fltkd:fl_shortcut.obj
 0003:0000058c       $SG2347                    0043558c     fltkd:fl_shortcut.obj
 0003:00000594       $SG2363                    00435594     fltkd:fl_shortcut.obj
 0003:000005a4       $SG25957                   004355a4     fltkd:Fl_abort.obj
 0003:000005ac       $SG25968                   004355ac     fltkd:Fl_abort.obj
 0003:000005b4       _fl_cmap                   004355b4     fltkd:fl_color.obj
 0003:000009b8       _active_ramp               004359b8     fltkd:fl_boxtype.obj
 0003:000009d0       _inactive_ramp             004359d0     fltkd:fl_boxtype.obj
 0003:000009e8       _draw_it_active            004359e8     fltkd:fl_boxtype.obj
 0003:000009f0       _fl_box_table              004359f0     fltkd:fl_boxtype.obj
 0003:00000b20       $SG1897                    00435b20     fltkd:fl_boxtype.obj
 0003:00000b28       $SG1912                    00435b28     fltkd:fl_boxtype.obj
 0003:00000b30       $SG1927                    00435b30     fltkd:fl_boxtype.obj
 0003:00000b3c       $SG1944                    00435b3c     fltkd:fl_boxtype.obj
 0003:00000b48       $SG1959                    00435b48     fltkd:fl_boxtype.obj
 0003:00000b54       $SG1974                    00435b54     fltkd:fl_boxtype.obj
 0003:00000b60       $SG1350                    00435b60     fltkd:fl_draw.obj
 0003:00000b68       _built_in_table            00435b68     fltkd:fl_font.obj
 0003:00000bec       $SG26919                   00435bec     fltkd:fl_font.obj
 0003:00000bf4       $SG26920                   00435bf4     fltkd:fl_font.obj
 0003:00000bfc       $SG26921                   00435bfc     fltkd:fl_font.obj
 0003:00000c04       $SG26922                   00435c04     fltkd:fl_font.obj
 0003:00000c0c       $SG26923                   00435c0c     fltkd:fl_font.obj
 0003:00000c1c       $SG26924                   00435c1c     fltkd:fl_font.obj
 0003:00000c2c       $SG26925                   00435c2c     fltkd:fl_font.obj
 0003:00000c3c       $SG26926                   00435c3c     fltkd:fl_font.obj
 0003:00000c4c       $SG26927                   00435c4c     fltkd:fl_font.obj
 0003:00000c60       $SG26928                   00435c60     fltkd:fl_font.obj
 0003:00000c74       $SG26929                   00435c74     fltkd:fl_font.obj
 0003:00000c88       $SG26930                   00435c88     fltkd:fl_font.obj
 0003:00000c9c       $SG26931                   00435c9c     fltkd:fl_font.obj
 0003:00000ca4       $SG26932                   00435ca4     fltkd:fl_font.obj
 0003:00000cb0       $SG26933                   00435cb0     fltkd:fl_font.obj
 0003:00000cbc       $SG26934                   00435cbc     fltkd:fl_font.obj
 0003:00000cc8       _table                     00435cc8     fltkd:fl_labeltype.obj
 0003:00000d0c       $SG964                     00435d0c     fltkd:filename_expand.obj
 0003:00000d14       $SG1011                    00435d14     fltkd:filename_absolute.obj
 0003:00000d18       $SG25487                   00435d18     fltkd:scandir.obj
 0003:00000d1c       $SG25489                   00435d1c     fltkd:scandir.obj
 0003:00000d3c       $SG25791                   00435d3c     fltkd:fl_call_main.obj
 0003:00000d40       $SG25792                   00435d40     fltkd:fl_call_main.obj
 0003:00000d48       $SG25793                   00435d48     fltkd:fl_call_main.obj
 0003:00000d4c       $SG25794                   00435d4c     fltkd:fl_call_main.obj
 0003:00000d54       $SG25795                   00435d54     fltkd:fl_call_main.obj
 0003:00000d58       $SG25796                   00435d58     fltkd:fl_call_main.obj
 0003:000013e8       _allocator_arg             004363e8     main.obj
 0003:000013e9       _piecewise_construct       004363e9     main.obj
 0003:000013ea       __Tuple_alloc              004363ea     RayTracer.obj
 0003:000013eb       _ignore                    004363eb     RayTracer.obj
 0003:000013ec       _allocator_arg             004363ec     RayTracer.obj
 0003:000013ed       _piecewise_construct       004363ed     RayTracer.obj
 0003:000013f8       _allocator_arg             004363f8     TraceGLWindow.obj
 0003:000013f9       _piecewise_construct       004363f9     TraceGLWindow.obj
 0003:000013fa       _allocator_arg             004363fa     TraceUI.obj
 0003:000013fb       _piecewise_construct       004363fb     TraceUI.obj
 0003:000013fc       _done                      004363fc     TraceUI.obj
 0003:00001438       __Tuple_alloc              00436438     parse.obj
 0003:00001439       _ignore                    00436439     parse.obj
 0003:0000143a       _allocator_arg             0043643a     parse.obj
 0003:0000143b       _piecewise_construct       0043643b     parse.obj
 0003:0000143c       __Tuple_alloc              0043643c     read.obj
 0003:0000143d       _ignore                    0043643d     read.obj
 0003:0000143e       _allocator_arg             0043643e     read.obj
 0003:0000143f       _piecewise_construct       0043643f     read.obj
 0003:00001448       _allocator_arg             00436448     vecmath.obj
 0003:00001449       _piecewise_construct       00436449     vecmath.obj
 0003:0000144a       _allocator_arg             0043644a     camera.obj
 0003:0000144b       _piecewise_construct       0043644b     camera.obj
 0003:0000144c       _allocator_arg             0043644c     light.obj
 0003:0000144d       _piecewise_construct       0043644d     light.obj
 0003:0000144e       _allocator_arg             0043644e     material.obj
 0003:0000144f       _piecewise_construct       0043644f     material.obj
 0003:00001450       _allocator_arg             00436450     ray.obj
 0003:00001451       _piecewise_construct       00436451     ray.obj
 0003:00001452       _allocator_arg             00436452     scene.obj
 0003:00001453       _piecewise_construct       00436453     scene.obj
 0003:00001454       _allocator_arg             00436454     Box.obj
 0003:00001455       _piecewise_construct       00436455     Box.obj
 0003:00001456       _allocator_arg             00436456     Cone.obj
 0003:00001457       _piecewise_construct       00436457     Cone.obj
 0003:00001458       _allocator_arg             00436458     Cylinder.obj
 0003:00001459       _piecewise_construct       00436459     Cylinder.obj
 0003:0000145a       _allocator_arg             0043645a     Sphere.obj
 0003:0000145b       _piecewise_construct       0043645b     Sphere.obj
 0003:0000145c       _allocator_arg             0043645c     Square.obj
 0003:0000145d       _piecewise_construct       0043645d     Square.obj
 0003:0000145e       _allocator_arg             0043645e     trimesh.obj
 0003:0000145f       _piecewise_construct       0043645f     trimesh.obj
 0003:00001468       _free_check                00436468     fltkd:Fl.obj
 0003:00001478       _missed_timeout_by         00436478     fltkd:Fl.obj
 0003:0000148c       _in_idle                   0043648c     fltkd:Fl.obj
 0003:000014a4       _first_check               004364a4     fltkd:Fl.obj
 0003:000014a8       _free_timeout              004364a8     fltkd:Fl.obj
 0003:000014b0       _next_check                004364b0     fltkd:Fl.obj
 0003:000014bc       _?prevclock@?1??elapse_timeouts@@YAXXZ@4KA 004364bc     fltkd:Fl.obj
 0003:000014d0       _first_timeout             004364d0     fltkd:Fl.obj
 0003:000014dc       _handlers                  004364dc     fltkd:Fl.obj
 0003:000014e0       $SG26421                   004364e0     fltkd:Fl.obj
 0003:000014e4       _icon                      004364e4     fltkd:fl_ask.obj
 0003:000014e8       _input                     004364e8     fltkd:fl_ask.obj
 0003:000014ec       _message_form              004364ec     fltkd:fl_ask.obj
 0003:000014f0       _message                   004364f0     fltkd:fl_ask.obj
 0003:000014f4       _button                    004364f4     fltkd:fl_ask.obj
 0003:00001505       _SWAP_TYPE                 00436505     fltkd:Fl_Gl_Window.obj
 0003:0000150c       _?ortho_context@?CO@??flush@Fl_Gl_Window@@UAEXXZ@4PAUHGLRC__@@A 0043650c     fltkd:Fl_Gl_Window.obj
 0003:00001510       _?ortho_window@?CO@??flush@Fl_Gl_Window@@UAEXXZ@4PAV2@A 00436510     fltkd:Fl_Gl_Window.obj
 0003:00001514       _obj_queue                 00436514     fltkd:Fl_Widget.obj
 0003:00001564       _obj_tail                  00436564     fltkd:Fl_Widget.obj
 0003:00001568       _obj_head                  00436568     fltkd:Fl_Widget.obj
 0003:00001570       _?f@?1??fl_file_chooser@@YAPADPBD00@Z@4PAVFCW@@A 00436570     fltkd:fl_file_chooser.obj
 0003:00001574       _extra_button              00436574     fltkd:fl_file_chooser.obj
 0003:00001580       $SG4242                    00436580     fltkd:fl_file_chooser.obj
 0003:00001584       $SG4162                    00436584     fltkd:fl_file_chooser.obj
 0003:00001594       _?vklut@?1??ms2fltk@@YAHHH@Z@4PAGA 00436594     fltkd:Fl_x.obj
 0003:00001794       _resize_bug_fix            00436794     fltkd:Fl_x.obj
 0003:0000179c       _?pmy@?1??mouse_event@@YAHPAVFl_Window@@HHIJ@Z@4HA 0043679c     fltkd:Fl_x.obj
 0003:000017bc       _?buffer@?EI@??WndProc@@YGJPAUHWND__@@IIJ@Z@4PADA 004367bc     fltkd:Fl_x.obj
 0003:000017c0       _fdsets                    004367c0     fltkd:Fl_x.obj
 0003:00001ad4       _?pmx@?1??mouse_event@@YAHPAVFl_Window@@HHIJ@Z@4HA 00436ad4     fltkd:Fl_x.obj
 0003:00001ad8       _?px@?1??mouse_event@@YAHPAVFl_Window@@HHIJ@Z@4HA 00436ad8     fltkd:Fl_x.obj
 0003:00001adc       _?py@?1??mouse_event@@YAHPAVFl_Window@@HHIJ@Z@4HA 00436adc     fltkd:Fl_x.obj
 0003:00001ae8       _?extendedlut@?1??ms2fltk@@YAHHH@Z@4PAGA 00436ae8     fltkd:Fl_x.obj
 0003:00001ce8       _nfds                      00436ce8     fltkd:Fl_x.obj
 0003:00001cec       _fd_array_size             00436cec     fltkd:Fl_x.obj
 0003:00001cf0       _fd                        00436cf0     fltkd:Fl_x.obj
 0003:00001cf4       _?cnt@?1??WndProc@@YGJPAUHWND__@@IIJ@Z@4HA 00436cf4     fltkd:Fl_x.obj
 0003:00001cfc       $SG28179                   00436cfc     fltkd:Fl_x.obj
 0003:00001d04       _rstack                    00436d04     fltkd:fl_rect.obj
 0003:00001d2c       _rstackptr                 00436d2c     fltkd:fl_rect.obj
 0003:00001d38       _undobuffer                00436d38     fltkd:Fl_Input_.obj
 0003:00001d3c       _undobufferlength          00436d3c     fltkd:Fl_Input_.obj
 0003:00001d40       _undowidget                00436d40     fltkd:Fl_Input_.obj
 0003:00001d44       _undoat                    00436d44     fltkd:Fl_Input_.obj
 0003:00001d48       _undoinsert                00436d48     fltkd:Fl_Input_.obj
 0003:00001d4c       _yankcut                   00436d4c     fltkd:Fl_Input_.obj
 0003:00001d50       _up_down_pos               00436d50     fltkd:Fl_Input_.obj
 0003:00001d58       _was_up_down               00436d58     fltkd:Fl_Input_.obj
 0003:00001d5c       _undocut                   00436d5c     fltkd:Fl_Input_.obj
 0003:00001d60       $SG3535                    00436d60     fltkd:Fl_Input_.obj
 0003:00001d64       $SG3578                    00436d64     fltkd:Fl_Input_.obj
 0003:00001d68       _?buf@?1??fl_shortcut_label@@YAPBDH@Z@4PADA 00436d68     fltkd:fl_shortcut.obj
 0003:00001d7c       _first                     00436d7c     fltkd:Fl_Gl_Choice.obj
 0003:00001d80       _cached_window             00436d80     fltkd:Fl_Gl_Choice.obj
 0003:00001d84       _cached_context            00436d84     fltkd:Fl_Gl_Choice.obj
 0003:00001d88       _first_context             00436d88     fltkd:Fl_Gl_Choice.obj
 0003:00002998       _?brushes@?1??fl_brush@@YAPAUHBRUSH__@@XZ@4PAUFl_Brush@@A 00437998     fltkd:fl_color.obj
 0003:00002a58       _?xmap@?1??fl_color@@YAXEEE@Z@4UFl_XMap@@A 00437a58     fltkd:fl_color.obj
 0003:00002a68       _?beenhere@?1??fl_select_palette@@YAPAUHPALETTE__@@XZ@4DA 00437a68     fltkd:fl_color.obj
 0003:00002a78       _p                         00437a78     fltkd:Fl_Menu.obj
 0003:00002a80       _?dummy@?1??popup@Fl_Menu_Item@@QBEPBU2@HHPBDPBU2@PBVFl_Menu_@@@Z@4U2@A 00437a80     fltkd:Fl_Menu.obj
 0003:00002a98       _button                    00437a98     fltkd:Fl_Menu.obj
 0003:00002a9c       _?offcenter@?BA@??handle@Fl_Slider@@IAEHHHHHH@Z@4HA 00437a9c     fltkd:Fl_Slider.obj
 0003:00002aa0       _underline_at              00437aa0     fltkd:fl_draw.obj
 0003:00002ab4       _measure                   00437ab4     fltkd:fl_labeltype.obj
 0003:00002af4       _?whichway@?CL@??handle@Fl_Browser_@@UAEHH@Z@4DA 00437af4     fltkd:Fl_Browser_.obj
 0003:00002af5       _?change@?CL@??handle@Fl_Browser_@@UAEHH@Z@4DA 00437af5     fltkd:Fl_Browser_.obj
 0003:00002af8       _?py@?CL@??handle@Fl_Browser_@@UAEHH@Z@4HA 00437af8     fltkd:Fl_Browser_.obj
 0003:00002afc       _selection_buffer_length   00437afc     fltkd:Fl_cutpaste.obj
 0003:00002b00       _selection_length          00437b00     fltkd:Fl_cutpaste.obj
 0003:00002b04       _selection_buffer          00437b04     fltkd:Fl_cutpaste.obj
 0003:00002b08       _ignore_destroy            00437b08     fltkd:Fl_cutpaste.obj
 0003:00002b09       _beenhere                  00437b09     fltkd:Fl_cutpaste.obj
 0003:00002b10       _GS_ExceptionRecord        00437b10     MSVCRT:gs_report.obj
 0003:00002b60       _GS_ContextRecord          00437b60     MSVCRT:gs_report.obj
 0003:00002e2c       _DebuggerWasPresent        00437e2c     MSVCRT:gs_report.obj
 0003:00002e30       _has_cctor                 00437e30     MSVCRT:crtexew.obj
 0003:00002e34       _mainret                   00437e34     MSVCRT:crtexew.obj
 0003:00002e38       _managedapp                00437e38     MSVCRT:crtexew.obj
 0003:00002e3c       _argc                      00437e3c     MSVCRT:crtexew.obj
 0003:00002e40       _argv                      00437e40     MSVCRT:crtexew.obj
 0003:00002e44       _envp                      00437e44     MSVCRT:crtexew.obj
 0003:00002e48       _argret                    00437e48     MSVCRT:crtexew.obj
 0003:00002e4c       _startinfo                 00437e4c     MSVCRT:crtexew.obj
 0003:00002e60       __Fac_head                 00437e60     msvcprt:locale0_implib.obj
 0003:00002e64       __Fac_tidy_reg             00437e64     msvcprt:locale0_implib.obj
 0004:00000060       $R000000                   00438060     * linker generated manifest res *
